Component: ARM Compiler 5.06 update 6 (build 750) Tool: armlink [4d35ed]

==============================================================================

Section Cross References

    startup_stm32f103x6.o(STACK) refers (Special) to heapauxi.o(.text) for __use_two_region_memory
    startup_stm32f103x6.o(HEAP) refers (Special) to heapauxi.o(.text) for __use_two_region_memory
    startup_stm32f103x6.o(RESET) refers (Special) to heapauxi.o(.text) for __use_two_region_memory
    startup_stm32f103x6.o(RESET) refers to startup_stm32f103x6.o(STACK) for __initial_sp
    startup_stm32f103x6.o(RESET) refers to startup_stm32f103x6.o(.text) for Reset_Handler
    startup_stm32f103x6.o(RESET) refers to stm32f1xx_it.o(i.NMI_Handler) for NMI_Handler
    startup_stm32f103x6.o(RESET) refers to stm32f1xx_it.o(i.HardFault_Handler) for HardFault_Handler
    startup_stm32f103x6.o(RESET) refers to stm32f1xx_it.o(i.MemManage_Handler) for MemManage_Handler
    startup_stm32f103x6.o(RESET) refers to stm32f1xx_it.o(i.BusFault_Handler) for BusFault_Handler
    startup_stm32f103x6.o(RESET) refers to stm32f1xx_it.o(i.UsageFault_Handler) for UsageFault_Handler
    startup_stm32f103x6.o(RESET) refers to stm32f1xx_it.o(i.SVC_Handler) for SVC_Handler
    startup_stm32f103x6.o(RESET) refers to stm32f1xx_it.o(i.DebugMon_Handler) for DebugMon_Handler
    startup_stm32f103x6.o(RESET) refers to stm32f1xx_it.o(i.PendSV_Handler) for PendSV_Handler
    startup_stm32f103x6.o(RESET) refers to stm32f1xx_it.o(i.SysTick_Handler) for SysTick_Handler
    startup_stm32f103x6.o(RESET) refers to stm32f1xx_it.o(i.TIM1_UP_IRQHandler) for TIM1_UP_IRQHandler
    startup_stm32f103x6.o(RESET) refers to stm32f1xx_it.o(i.TIM2_IRQHandler) for TIM2_IRQHandler
    startup_stm32f103x6.o(RESET) refers to stm32f1xx_it.o(i.USART2_IRQHandler) for USART2_IRQHandler
    startup_stm32f103x6.o(.text) refers (Special) to heapauxi.o(.text) for __use_two_region_memory
    startup_stm32f103x6.o(.text) refers to system_stm32f1xx.o(i.SystemInit) for SystemInit
    startup_stm32f103x6.o(.text) refers to __main.o(!!!main) for __main
    startup_stm32f103x6.o(.text) refers to startup_stm32f103x6.o(HEAP) for Heap_Mem
    startup_stm32f103x6.o(.text) refers to startup_stm32f103x6.o(STACK) for Stack_Mem
    main.o(i.HAL_TIM_PeriodElapsedCallback) refers to _printf_percent.o(.ARM.Collect$$_printf_percent$$00000000) for _printf_percent
    main.o(i.HAL_TIM_PeriodElapsedCallback) refers to _printf_d.o(.ARM.Collect$$_printf_percent$$00000009) for _printf_d
    main.o(i.HAL_TIM_PeriodElapsedCallback) refers to _printf_dec.o(.text) for _printf_int_dec
    main.o(i.HAL_TIM_PeriodElapsedCallback) refers to ff.o(i.f_opendir) for f_opendir
    main.o(i.HAL_TIM_PeriodElapsedCallback) refers to ff.o(i.f_readdir) for f_readdir
    main.o(i.HAL_TIM_PeriodElapsedCallback) refers to ff.o(i.f_closedir) for f_closedir
    main.o(i.HAL_TIM_PeriodElapsedCallback) refers to ff.o(i.f_mkdir) for f_mkdir
    main.o(i.HAL_TIM_PeriodElapsedCallback) refers to myhfs_file.o(i.get_dir) for get_dir
    main.o(i.HAL_TIM_PeriodElapsedCallback) refers to ff.o(i.f_open) for f_open
    main.o(i.HAL_TIM_PeriodElapsedCallback) refers to ff.o(i.f_read) for f_read
    main.o(i.HAL_TIM_PeriodElapsedCallback) refers to ff.o(i.f_close) for f_close
    main.o(i.HAL_TIM_PeriodElapsedCallback) refers to strstr.o(.text) for strstr
    main.o(i.HAL_TIM_PeriodElapsedCallback) refers to myhfs_str.o(i.strdelete) for strdelete
    main.o(i.HAL_TIM_PeriodElapsedCallback) refers to myhfs_str.o(i.insert) for insert
    main.o(i.HAL_TIM_PeriodElapsedCallback) refers to ff.o(i.f_unlink) for f_unlink
    main.o(i.HAL_TIM_PeriodElapsedCallback) refers to strlen.o(.text) for strlen
    main.o(i.HAL_TIM_PeriodElapsedCallback) refers to ff.o(i.f_write) for f_write
    main.o(i.HAL_TIM_PeriodElapsedCallback) refers to ff.o(i.f_lseek) for f_lseek
    main.o(i.HAL_TIM_PeriodElapsedCallback) refers to main.o(i.my_printf) for my_printf
    main.o(i.HAL_TIM_PeriodElapsedCallback) refers to strcmpv7m.o(.text) for strcmp
    main.o(i.HAL_TIM_PeriodElapsedCallback) refers to strcpy.o(.text) for strcpy
    main.o(i.HAL_TIM_PeriodElapsedCallback) refers to rt_memcpy_w.o(.text) for __aeabi_memcpy4
    main.o(i.HAL_TIM_PeriodElapsedCallback) refers to myhfs_http.o(i.sned_header) for sned_header
    main.o(i.HAL_TIM_PeriodElapsedCallback) refers to __2sprintf.o(.text) for __2sprintf
    main.o(i.HAL_TIM_PeriodElapsedCallback) refers to main.o(i.HAL_Delay) for HAL_Delay
    main.o(i.HAL_TIM_PeriodElapsedCallback) refers to strcat.o(.text) for strcat
    main.o(i.HAL_TIM_PeriodElapsedCallback) refers to stm32f1xx_hal_uart.o(i.HAL_UART_Transmit) for HAL_UART_Transmit
    main.o(i.HAL_TIM_PeriodElapsedCallback) refers to stm32f1xx_hal_tim.o(i.HAL_TIM_Base_Stop_IT) for HAL_TIM_Base_Stop_IT
    main.o(i.HAL_TIM_PeriodElapsedCallback) refers to main.o(.data) for .data
    main.o(i.HAL_TIM_PeriodElapsedCallback) refers to main.o(.bss) for .bss
[...]
    initial_mbstate                          0x0800602c   Data           8  _printf_wctomb.o(.constdata)
    .constdata                               0x08006034   Section       40  _printf_hex_int_ll_ptr.o(.constdata)
    uc_hextab                                0x08006034   Data          20  _printf_hex_int_ll_ptr.o(.constdata)
    lc_hextab                                0x08006048   Data          20  _printf_hex_int_ll_ptr.o(.constdata)
    .constdata                               0x0800605c   Section       38  _printf_fp_hex.o(.constdata)
    lc_hextab                                0x0800605c   Data          19  _printf_fp_hex.o(.constdata)
    uc_hextab                                0x0800606f   Data          19  _printf_fp_hex.o(.constdata)
    .constdata                               0x08006084   Section      148  bigflt0.o(.constdata)
    tenpwrs_x                                0x08006084   Data          60  bigflt0.o(.constdata)
    tenpwrs_i                                0x080060c0   Data          64  bigflt0.o(.constdata)
    .conststring                             0x08006118   Section       84  main.o(.conststring)
    .conststring                             0x0800616c   Section      109  esp8266.o(.conststring)
    .conststring                             0x080061dc   Section      145  myhfs_http.o(.conststring)
    locale$$data                             0x08006290   Section       28  lc_numeric_c.o(locale$$data)
    __lcnum_c_name                           0x08006294   Data           2  lc_numeric_c.o(locale$$data)
    __lcnum_c_start                          0x0800629c   Data           0  lc_numeric_c.o(locale$$data)
    __lcnum_c_point                          0x080062a8   Data           0  lc_numeric_c.o(locale$$data)
    __lcnum_c_thousands                      0x080062aa   Data           0  lc_numeric_c.o(locale$$data)
    __lcnum_c_grouping                       0x080062ab   Data           0  lc_numeric_c.o(locale$$data)
    locale$$data                             0x080062ac   Section      272  lc_ctype_c.o(locale$$data)
    __lcnum_c_end                            0x080062ac   Data           0  lc_numeric_c.o(locale$$data)
    __lcctype_c_name                         0x080062b0   Data           2  lc_ctype_c.o(locale$$data)
    __lcctype_c_start                        0x080062b8   Data           0  lc_ctype_c.o(locale$$data)
    __lcctype_c_end                          0x080063bc   Data           0  lc_ctype_c.o(locale$$data)
    .data                                    0x20000000   Section       28  main.o(.data)
    .data                                    0x2000001c   Section       20  user_diskio.o(.data)
    .data                                    0x20000030   Section        5  fatfs.o(.data)
    .data                                    0x20000038   Section       12  stm32f1xx_hal.o(.data)
    .data                                    0x20000044   Section        4  system_stm32f1xx.o(.data)
    .data                                    0x20000048   Section        8  ff.o(.data)
    Fsid                                     0x20000048   Data           2  ff.o(.data)
    FatFs                                    0x2000004c   Data           4  ff.o(.data)
    .data                                    0x20000050   Section       20  esp8266.o(.data)
    AT_RST                                   0x20000050   Data           4  esp8266.o(.data)
    AT_CWMODE                                0x20000054   Data           4  esp8266.o(.data)
    AT_CWSAP                                 0x20000058   Data           4  esp8266.o(.data)
    AT_CIPMUX                                0x2000005c   Data           4  esp8266.o(.data)
    AT_CIPSERVER                             0x20000060   Data           4  esp8266.o(.data)
    .data                                    0x20000064   Section        2  sddriver.o(.data)
    .data                                    0x20000068   Section        4  strtok.o(.data)
    _strtok_saves1                           0x20000068   Data           4  strtok.o(.data)
    .bss                                     0x2000006c   Section     5340  main.o(.bss)
    .bss                                     0x20001548   Section       88  spi.o(.bss)
    .bss                                     0x200015a0   Section      144  tim.o(.bss)
    .bss                                     0x20001630   Section       68  usart.o(.bss)
    .bss                                     0x20001674   Section       24  ff.o(.bss)
    Files                                    0x20001674   Data          24  ff.o(.bss)
    .bss                                     0x2000168c   Section       12  ff_gen_drv.o(.bss)
    .bss                                     0x20001698   Section       96  libspace.o(.bss)
    HEAP                                     0x200016f8   Section     2304  startup_stm32f103x6.o(HEAP)
    Heap_Mem                                 0x200016f8   Data        2304  startup_stm32f103x6.o(HEAP)
    STACK                                    0x20001ff8   Section     2048  startup_stm32f103x6.o(STACK)
    Stack_Mem                                0x20001ff8   Data        2048  startup_stm32f103x6.o(STACK)
    __initial_sp                             0x200027f8   Data           0  startup_stm32f103x6.o(STACK)

    Global Symbols

    Symbol Name                              Value     Ov Type        Size  Object(Section)

    BuildAttributes$$THM_ISAv4$P$D$K$B$S$PE$A:L22UL41UL21$X:L11$S22US41US21$IEEE1$IW$USESV6$~STKCKD$USESV7$~SHL$OTIME$ROPI$IEEEJ$EBA8$UX$STANDARDLIB$REQ8$PRES8$EABIv2 0x00000000   Number         0  anon$$obj.o ABSOLUTE
    __ARM_use_no_argv                        0x00000000   Number         0  main.o ABSOLUTE
    _printf_flags                            0x00000000   Number         0  printf_stubs.o ABSOLUTE
    _printf_return_value                     0x00000000   Number         0  printf_stubs.o ABSOLUTE
    _printf_sizespec                         0x00000000   Number         0  printf_stubs.o ABSOLUTE
    _printf_widthprec                        0x00000000   Number         0  printf_stubs.o ABSOLUTE
    __ARM_exceptions_init                     - Undefined Weak Reference
    __alloca_initialize                       - Undefined Weak Reference
    __arm_preinit_                            - Undefined Weak Reference
    __cpp_initialize__aeabi_                  - Undefined Weak Reference
    __cxa_finalize                            - Undefined Weak Reference
    __sigvec_lookup                           - Undefined Weak Reference
    _atexit_init                              - Undefined Weak Reference
    _call_atexit_fns                          - Undefined Weak Reference
    _clock_init                               - Undefined Weak Reference
    _fp_trap_init                             - Undefined Weak Reference
    _fp_trap_shutdown                         - Undefined Weak Reference
    _get_lc_collate                           - Undefined Weak Reference
    _get_lc_monetary                          - Undefined Weak Reference
    _get_lc_time                              - Undefined Weak Reference
    _getenv_init                              - Undefined Weak Reference
    _handle_redirection                       - Undefined Weak Reference
    _init_alloc                               - Undefined Weak Reference
    _init_user_alloc                          - Undefined Weak Reference
    _initio                                   - Undefined Weak Reference
    _printf_mbtowc                            - Undefined Weak Reference
    _printf_wc                                - Undefined Weak Reference
    _rand_init                                - Undefined Weak Reference
    _signal_finish                            - Undefined Weak Reference
    _signal_init                              - Undefined Weak Reference
    _terminate_alloc                          - Undefined Weak Reference
    _terminate_user_alloc                     - Undefined Weak Reference
    _terminateio                              - Undefined Weak Reference
    __Vectors_Size                           0x000000ec   Number         0  startup_stm32f103x6.o ABSOLUTE
    __Vectors                                0x08000000   Data           4  startup_stm32f103x6.o(RESET)
    __Vectors_End                            0x080000ec   Data           0  startup_stm32f103x6.o(RESET)
    __main                                   0x080000ed   Thumb Code     8  __main.o(!!!main)
    __scatterload                            0x080000f5   Thumb Code     0  __scatter.o(!!!scatter)
    __scatterload_rt2                        0x080000f5   Thumb Code    44  __scatter.o(!!!scatter)
    __scatterload_rt2_thumb_only             0x080000f5   Thumb Code     0  __scatter.o(!!!scatter)
    __scatterload_null                       0x08000103   Thumb Code     0  __scatter.o(!!!scatter)
    __scatterload_copy                       0x08000129   Thumb Code    26  __scatter_copy.o(!!handler_copy)
    __scatterload_zeroinit                   0x08000145   Thumb Code    28  __scatter_zi.o(!!handler_zi)
    _printf_n                                0x08000161   Thumb Code     0  _printf_n.o(.ARM.Collect$$_printf_percent$$00000001)
    _printf_percent                          0x08000161   Thumb Code     0  _printf_percent.o(.ARM.Collect$$_printf_percent$$00000000)
    _printf_p                                0x08000167   Thumb Code     0  _printf_p.o(.ARM.Collect$$_printf_percent$$00000002)
    _printf_f                                0x0800016d   Thumb Code     0  _printf_f.o(.ARM.Collect$$_printf_percent$$00000003)
    _printf_e                                0x08000173   Thumb Code     0  _printf_e.o(.ARM.Collect$$_printf_percent$$00000004)
    _printf_g                                0x08000179   Thumb Code     0  _printf_g.o(.ARM.Collect$$_printf_percent$$00000005)
    _printf_a                                0x0800017f   Thumb Code     0  _printf_a.o(.ARM.Collect$$_printf_percent$$00000006)
    _printf_ll                               0x08000185   Thumb Code     0  _printf_ll.o(.ARM.Collect$$_printf_percent$$00000007)
    _printf_i                                0x0800018f   Thumb Code     0  _printf_i.o(.ARM.Collect$$_printf_percent$$00000008)
    _printf_d                                0x08000195   Thumb Code     0  _printf_d.o(.ARM.Collect$$_printf_percent$$00000009)
    _printf_u                                0x0800019b   Thumb Code     0  _printf_u.o(.ARM.Collect$$_printf_percent$$0000000A)
    _printf_o                                0x080001a1   Thumb Code     0  _printf_o.o(.ARM.Collect$$_printf_percent$$0000000B)
    _printf_x                                0x080001a7   Thumb Code     0  _printf_x.o(.ARM.Collect$$_printf_percent$$0000000C)
    _printf_lli                              0x080001ad   Thumb Code     0  _printf_lli.o(.ARM.Collect$$_printf_percent$$0000000D)
    _printf_lld                              0x080001b3   Thumb Code     0  _printf_lld.o(.ARM.Collect$$_printf_percent$$0000000E)
    _printf_llu                              0x080001b9   Thumb Code     0  _printf_llu.o(.ARM.Collect$$_printf_percent$$0000000F)
    _printf_llo                              0x080001bf   Thumb Code     0  _printf_llo.o(.ARM.Collect$$_printf_percent$$00000010)
    _printf_llx                              0x080001c5   Thumb Code     0  _printf_llx.o(.ARM.Collect$$_printf_percent$$00000011)
    _printf_l                                0x080001cb   Thumb Code     0  _printf_l.o(.ARM.Collect$$_printf_percent$$00000012)
    _printf_c                                0x080001d5   Thumb Code     0  _printf_c.o(.ARM.Collect$$_printf_percent$$00000013)
    _printf_s                                0x080001db   Thumb Code     0  _printf_s.o(.ARM.Collect$$_printf_percent$$00000014)
    _printf_lc                               0x080001e1   Thumb Code     0  _printf_lc.o(.ARM.Collect$$_printf_percent$$00000015)
    _printf_ls                               0x080001e7   Thumb Code     0  _printf_ls.o(.ARM.Collect$$_printf_percent$$00000016)
    _printf_percent_end                      0x080001ed   Thumb Code     0  _printf_percent_end.o(.ARM.Collect$$_printf_percent$$00000017)
    __rt_lib_init                            0x080001f1   Thumb Code     0  libinit.o(.ARM.Collect$$libinit$$00000000)
    __rt_lib_init_fp_1                       0x080001f3   Thumb Code     0  libinit2.o(.ARM.Collect$$libinit$$00000002)
    __rt_lib_init_heap_1                     0x080001f3   Thumb Code     0  libinit2.o(.ARM.Collect$$libinit$$0000000A)
    __rt_lib_init_lc_common                  0x080001f3   Thumb Code     0  libinit2.o(.ARM.Collect$$libinit$$0000000F)
    __rt_lib_init_preinit_1                  0x080001f3   Thumb Code     0  libinit2.o(.ARM.Collect$$libinit$$00000004)
    __rt_lib_init_rand_1                     0x080001f3   Thumb Code     0  libinit2.o(.ARM.Collect$$libinit$$0000000E)
    __rt_lib_init_user_alloc_1               0x080001f3   Thumb Code     0  libinit2.o(.ARM.Collect$$libinit$$0000000C)
    __rt_lib_init_lc_collate_1               0x080001f9   Thumb Code     0  libinit2.o(.ARM.Collect$$libinit$$00000011)
    __rt_lib_init_lc_ctype_2                 0x080001f9   Thumb Code     0  libinit2.o(.ARM.Collect$$libinit$$00000012)
    __rt_lib_init_lc_ctype_1                 0x08000205   Thumb Code     0  libinit2.o(.ARM.Collect$$libinit$$00000013)
    __rt_lib_init_lc_monetary_1              0x08000205   Thumb Code     0  libinit2.o(.ARM.Collect$$libinit$$00000015)
    __rt_lib_init_lc_numeric_2               0x08000205   Thumb Code     0  libinit2.o(.ARM.Collect$$libinit$$00000016)
    __rt_lib_init_alloca_1                   0x0800020f   Thumb Code     0  libinit2.o(.ARM.Collect$$libinit$$0000002E)
    __rt_lib_init_argv_1                     0x0800020f   Thumb Code     0  libinit2.o(.ARM.Collect$$libinit$$0000002C)
    __rt_lib_init_atexit_1                   0x0800020f   Thumb Code     0  libinit2.o(.ARM.Collect$$libinit$$0000001B)
    __rt_lib_init_clock_1                    0x0800020f   Thumb Code     0  libinit2.o(.ARM.Collect$$libinit$$00000021)
    __rt_lib_init_cpp_1                      0x0800020f   Thumb Code     0  libinit2.o(.ARM.Collect$$libinit$$00000032)
    __rt_lib_init_exceptions_1               0x0800020f   Thumb Code     0  libinit2.o(.ARM.Collect$$libinit$$00000030)
    __rt_lib_init_fp_trap_1                  0x0800020f   Thumb Code     0  libinit2.o(.ARM.Collect$$libinit$$0000001F)
    __rt_lib_init_getenv_1                   0x0800020f   Thumb Code     0  libinit2.o(.ARM.Collect$$libinit$$00000023)
    __rt_lib_init_lc_numeric_1               0x0800020f   Thumb Code     0  libinit2.o(.ARM.Collect$$libinit$$00000017)
    __rt_lib_init_lc_time_1                  0x0800020f   Thumb Code     0  libinit2.o(.ARM.Collect$$libinit$$00000019)
    __rt_lib_init_return                     0x0800020f   Thumb Code     0  libinit2.o(.ARM.Collect$$libinit$$00000033)
    __rt_lib_init_signal_1                   0x0800020f   Thumb Code     0  libinit2.o(.ARM.Collect$$libinit$$0000001D)
    __rt_lib_init_stdio_1                    0x0800020f   Thumb Code     0  libinit2.o(.ARM.Collect$$libinit$$00000025)
    __rt_lib_shutdown                        0x08000211   Thumb Code     0  libshutdown.o(.ARM.Collect$$libshutdown$$00000000)
    __rt_lib_shutdown_cpp_1                  0x08000213   Thumb Code     0  libshutdown2.o(.ARM.Collect$$libshutdown$$00000002)
    __rt_lib_shutdown_fp_trap_1              0x08000213   Thumb Code     0  libshutdown2.o(.ARM.Collect$$libshutdown$$00000007)
    __rt_lib_shutdown_heap_1                 0x08000213   Thumb Code     0  libshutdown2.o(.ARM.Collect$$libshutdown$$0000000F)
    __rt_lib_shutdown_return                 0x08000213   Thumb Code     0  libshutdown2.o(.ARM.Collect$$libshutdown$$00000010)
    __rt_lib_shutdown_signal_1               0x08000213   Thumb Code     0  libshutdown2.o(.ARM.Collect$$libshutdown$$0000000A)
    __rt_lib_shutdown_stdio_1                0x08000213   Thumb Code     0  libshutdown2.o(.ARM.Collect$$libshutdown$$00000004)
    __rt_lib_shutdown_user_alloc_1           0x08000213   Thumb Code     0  libshutdown2.o(.ARM.Collect$$libshutdown$$0000000C)
    __rt_entry                               0x08000215   Thumb Code     0  __rtentry.o(.ARM.Collect$$rtentry$$00000000)
    __rt_entry_presh_1                       0x08000215   Thumb Code     0  __rtentry2.o(.ARM.Collect$$rtentry$$00000002)
    __rt_entry_sh                            0x08000215   Thumb Code     0  __rtentry4.o(.ARM.Collect$$rtentry$$00000004)
    __rt_entry_li                            0x0800021b   Thumb Code     0  __rtentry2.o(.ARM.Collect$$rtentry$$0000000A)
    __rt_entry_postsh_1                      0x0800021b   Thumb Code     0  __rtentry2.o(.ARM.Collect$$rtentry$$00000009)
    __rt_entry_main                          0x0800021f   Thumb Code     0  __rtentry2.o(.ARM.Collect$$rtentry$$0000000D)
    __rt_entry_postli_1                      0x0800021f   Thumb Code     0  __rtentry2.o(.ARM.Collect$$rtentry$$0000000C)
    __rt_exit                                0x08000227   Thumb Code     0  rtexit.o(.ARM.Collect$$rtexit$$00000000)
    __rt_exit_ls                             0x08000229   Thumb Code     0  rtexit2.o(.ARM.Collect$$rtexit$$00000003)
    __rt_exit_prels_1                        0x08000229   Thumb Code     0  rtexit2.o(.ARM.Collect$$rtexit$$00000002)
    __rt_exit_exit                           0x0800022d   Thumb Code     0  rtexit2.o(.ARM.Collect$$rtexit$$00000004)
    Reset_Handler                            0x08000235   Thumb Code     8  startup_stm32f103x6.o(.text)
    ADC1_2_IRQHandler                        0x0800024f   Thumb Code     0  startup_stm32f103x6.o(.text)
    CAN1_RX1_IRQHandler                      0x0800024f   Thumb Code     0  startup_stm32f103x6.o(.text)
    CAN1_SCE_IRQHandler                      0x0800024f   Thumb Code     0  startup_stm32f103x6.o(.text)
    DMA1_Channel1_IRQHandler                 0x0800024f   Thumb Code     0  startup_stm32f103x6.o(.text)
    DMA1_Channel2_IRQHandler                 0x0800024f   Thumb Code     0  startup_stm32f103x6.o(.text)
    DMA1_Channel3_IRQHandler                 0x0800024f   Thumb Code     0  startup_stm32f103x6.o(.text)
    DMA1_Channel4_IRQHandler                 0x0800024f   Thumb Code     0  startup_stm32f103x6.o(.text)
    DMA1_Channel5_IRQHandler                 0x0800024f   Thumb Code     0  startup_stm32f103x6.o(.text)
    DMA1_Channel6_IRQHandler                 0x0800024f   Thumb Code     0  startup_stm32f103x6.o(.text)
    DMA1_Channel7_IRQHandler                 0x0800024f   Thumb Code     0  startup_stm32f103x6.o(.text)
    EXTI0_IRQHandler                         0x0800024f   Thumb Code     0  startup_stm32f103x6.o(.text)
    EXTI15_10_IRQHandler                     0x0800024f   Thumb Code     0  startup_stm32f103x6.o(.text)
    EXTI1_IRQHandler                         0x0800024f   Thumb Code     0  startup_stm32f103x6.o(.text)
    EXTI2_IRQHandler                         0x0800024f   Thumb Code     0  startup_stm32f103x6.o(.text)
    EXTI3_IRQHandler                         0x0800024f   Thumb Code     0  startup_stm32f103x6.o(.text)
    EXTI4_IRQHandler                         0x0800024f   Thumb Code     0  startup_stm32f103x6.o(.text)
    EXTI9_5_IRQHandler                       0x0800024f   Thumb Code     0  startup_stm32f103x6.o(.text)
    FLASH_IRQHandler                         0x0800024f   Thumb Code     0  startup_stm32f103x6.o(.text)
    I2C1_ER_IRQHandler                       0x0800024f   Thumb Code     0  startup_stm32f103x6.o(.text)
    I2C1_EV_IRQHandler                       0x0800024f   Thumb Code     0  startup_stm32f103x6.o(.text)
    PVD_IRQHandler                           0x0800024f   Thumb Code     0  startup_stm32f103x6.o(.text)
    RCC_IRQHandler                           0x0800024f   Thumb Code     0  startup_stm32f103x6.o(.text)
    RTC_Alarm_IRQHandler                     0x0800024f   Thumb Code     0  startup_stm32f103x6.o(.text)
    RTC_IRQHandler                           0x0800024f   Thumb Code     0  startup_stm32f103x6.o(.text)
    SPI1_IRQHandler                          0x0800024f   Thumb Code     0  startup_stm32f103x6.o(.text)
    TAMPER_IRQHandler                        0x0800024f   Thumb Code     0  startup_stm32f103x6.o(.text)
    TIM1_BRK_IRQHandler                      0x0800024f   Thumb Code     0  startup_stm32f103x6.o(.text)
    TIM1_CC_IRQHandler                       0x0800024f   Thumb Code     0  startup_stm32f103x6.o(.text)
    TIM1_TRG_COM_IRQHandler                  0x0800024f   Thumb Code     0  startup_stm32f103x6.o(.text)
    TIM3_IRQHandler                          0x0800024f   Thumb Code     0  startup_stm32f103x6.o(.text)
    USART1_IRQHandler                        0x0800024f   Thumb Code     0  startup_stm32f103x6.o(.text)
    USBWakeUp_IRQHandler                     0x0800024f   Thumb Code     0  startup_stm32f103x6.o(.text)
    USB_HP_CAN1_TX_IRQHandler                0x0800024f   Thumb Code     0  startup_stm32f103x6.o(.text)
    USB_LP_CAN1_RX0_IRQHandler               0x0800024f   Thumb Code     0  startup_stm32f103x6.o(.text)
    WWDG_IRQHandler                          0x0800024f   Thumb Code     0  startup_stm32f103x6.o(.text)
    __user_initial_stackheap                 0x08000251   Thumb Code     0  startup_stm32f103x6.o(.text)
    vsprintf                                 0x08000275   Thumb Code    32  vsprintf.o(.text)
    __2sprintf                               0x08000299   Thumb Code    38  __2sprintf.o(.text)
    _printf_str                              0x080002c5   Thumb Code    82  _printf_str.o(.text)
    _printf_int_dec                          0x08000319   Thumb Code   104  _printf_dec.o(.text)
    __printf                                 0x08000391   Thumb Code   388  __printf_flags_ss_wp.o(.text)
    strtok                                   0x08000519   Thumb Code     6  strtok.o(.text)
    strstr                                   0x08000525   Thumb Code    36  strstr.o(.text)
    strcpy                                   0x08000549   Thumb Code    72  strcpy.o(.text)
    strlen                                   0x08000591   Thumb Code    62  strlen.o(.text)
    strcat                                   0x080005cf   Thumb Code    24  strcat.o(.text)
    __aeabi_memcpy4                          0x080005e7   Thumb Code     0  rt_memcpy_w.o(.text)
    __aeabi_memcpy8                          0x080005e7   Thumb Code     0  rt_memcpy_w.o(.text)
    __rt_memcpy_w                            0x080005e7   Thumb Code   100  rt_memcpy_w.o(.text)
    _memcpy_lastbytes_aligned                0x0800062f   Thumb Code     0  rt_memcpy_w.o(.text)
    __aeabi_memclr4                          0x0800064b   Thumb Code     0  rt_memclr_w.o(.text)
    __aeabi_memclr8                          0x0800064b   Thumb Code     0  rt_memclr_w.o(.text)
    __rt_memclr_w                            0x0800064b   Thumb Code    78  rt_memclr_w.o(.text)
    _memset_w                                0x0800064f   Thumb Code     0  rt_memclr_w.o(.text)
    strcmp                                   0x08000699   Thumb Code   128  strcmpv7m.o(.text)
    __use_two_region_memory                  0x08000719   Thumb Code     2  heapauxi.o(.text)
    __rt_heap_escrow$2region                 0x0800071b   Thumb Code     2  heapauxi.o(.text)
    __rt_heap_expand$2region                 0x0800071d   Thumb Code     2  heapauxi.o(.text)
    _printf_pre_padding                      0x0800071f   Thumb Code    44  _printf_pad.o(.text)
    _printf_post_padding                     0x0800074b   Thumb Code    34  _printf_pad.o(.text)
    _printf_truncate_signed                  0x0800076d   Thumb Code    18  _printf_truncate.o(.text)
    _printf_truncate_unsigned                0x0800077f   Thumb Code    18  _printf_truncate.o(.text)
    _printf_int_common                       0x08000791   Thumb Code   178  _printf_intcommon.o(.text)
    _printf_charcount                        0x08000843   Thumb Code    40  _printf_charcount.o(.text)
    _printf_char_common                      0x08000877   Thumb Code    32  _printf_char_common.o(.text)
    _sputc                                   0x0800089d   Thumb Code    10  _sputc.o(.text)
    _printf_cs_common                        0x080008a7   Thumb Code    20  _printf_char.o(.text)
    _printf_char                             0x080008bb   Thumb Code    16  _printf_char.o(.text)
    _printf_string                           0x080008cb   Thumb Code     8  _printf_char.o(.text)
    _printf_wctomb                           0x080008d5   Thumb Code   182  _printf_wctomb.o(.text)
    _printf_longlong_dec                     0x08000991   Thumb Code   108  _printf_longlong_dec.o(.text)
    _printf_longlong_oct                     0x08000a0d   Thumb Code    66  _printf_oct_int_ll.o(.text)
    _printf_int_oct                          0x08000a4f   Thumb Code    24  _printf_oct_int_ll.o(.text)
    _printf_ll_oct                           0x08000a67   Thumb Code    12  _printf_oct_int_ll.o(.text)
    _printf_longlong_hex                     0x08000a7d   Thumb Code    86  _printf_hex_int_ll_ptr.o(.text)
    _printf_int_hex                          0x08000ad3   Thumb Code    28  _printf_hex_int_ll_ptr.o(.text)
    _printf_ll_hex                           0x08000aef   Thumb Code    12  _printf_hex_int_ll_ptr.o(.text)
    _printf_hex_ptr                          0x08000afb   Thumb Code    18  _printf_hex_int_ll_ptr.o(.text)
    __strtok_internal                        0x08000b11   Thumb Code    64  strtok_int.o(.text)
    _ll_udiv10                               0x08000b55   Thumb Code   138  lludiv10.o(.text)
    __lib_sel_fp_printf                      0x08000bdf   Thumb Code     2  _printf_fp_dec.o(.text)
    _printf_fp_dec_real                      0x08000d91   Thumb Code   620  _printf_fp_dec.o(.text)
    _printf_fp_hex_real                      0x08000ffd   Thumb Code   756  _printf_fp_hex.o(.text)
    _printf_lcs_common                       0x080012f9   Thumb Code    20  _printf_wchar.o(.text)
    _printf_wchar                            0x0800130d   Thumb Code    16  _printf_wchar.o(.text)
    _printf_wstring                          0x0800131d   Thumb Code     8  _printf_wchar.o(.text)
    _wcrtomb                                 0x08001325   Thumb Code    64  _wcrtomb.o(.text)
    strcspn                                  0x08001365   Thumb Code    32  strcspn.o(.text)
    strspn                                   0x08001385   Thumb Code    28  strspn.o(.text)
    __user_setup_stackheap                   0x080013a1   Thumb Code    74  sys_stackheap_outer.o(.text)
    __rt_ctype_table                         0x080013ed   Thumb Code    16  rt_ctype_table.o(.text)
    __rt_locale                              0x080013fd   Thumb Code     8  rt_locale_intlibspace.o(.text)
    _printf_fp_infnan                        0x08001405   Thumb Code   112  _printf_fp_infnan.o(.text)
    _btod_etento                             0x08001485   Thumb Code   224  bigflt0.o(.text)
    exit                                     0x08001569   Thumb Code    18  exit.o(.text)
    __user_libspace                          0x0800157d   Thumb Code     8  libspace.o(.text)
    __user_perproc_libspace                  0x0800157d   Thumb Code     0  libspace.o(.text)
    __user_perthread_libspace                0x0800157d   Thumb Code     0  libspace.o(.text)
    _sys_exit                                0x08001585   Thumb Code     8  sys_exit.o(.text)
    __I$use$semihosting                      0x08001591   Thumb Code     0  use_no_semi.o(.text)
    __use_no_semihosting_swi                 0x08001591   Thumb Code     2  use_no_semi.o(.text)
    __semihosting_library_function           0x08001593   Thumb Code     0  indicate_semi.o(.text)
    _btod_d2e                                0x08001593   Thumb Code    62  btod.o(CL$$btod_d2e)
    _d2e_denorm_low                          0x080015d1   Thumb Code    70  btod.o(CL$$btod_d2e_denorm_low)
    _d2e_norm_op1                            0x08001617   Thumb Code    96  btod.o(CL$$btod_d2e_norm_op1)
    __btod_div_common                        0x08001677   Thumb Code   696  btod.o(CL$$btod_div_common)
    _e2e                                     0x080019af   Thumb Code   220  btod.o(CL$$btod_e2e)
    _btod_ediv                               0x08001a8b   Thumb Code    42  btod.o(CL$$btod_ediv)
    _btod_emul                               0x08001ab5   Thumb Code    42  btod.o(CL$$btod_emul)
    __btod_mult_common                       0x08001adf   Thumb Code   580  btod.o(CL$$btod_mult_common)
    BusFault_Handler                         0x08001d23   Thumb Code     2  stm32f1xx_it.o(i.BusFault_Handler)
    DebugMon_Handler                         0x08001d25   Thumb Code     2  stm32f1xx_it.o(i.DebugMon_Handler)
    Error_Handler                            0x08001d27   Thumb Code     4  main.o(i.Error_Handler)
    FATFS_LinkDriver                         0x08001d2b   Thumb Code     6  ff_gen_drv.o(i.FATFS_LinkDriver)
    FATFS_LinkDriverEx                       0x08001d31   Thumb Code    60  ff_gen_drv.o(i.FATFS_LinkDriverEx)
    HAL_DMA_Abort                            0x08001d71   Thumb Code    70  stm32f1xx_hal_dma.o(i.HAL_DMA_Abort)
    HAL_DMA_Abort_IT                         0x08001db9   Thumb Code   148  stm32f1xx_hal_dma.o(i.HAL_DMA_Abort_IT)
    HAL_Delay                                0x08001e51   Thumb Code    20  main.o(i.HAL_Delay)
    HAL_GPIO_Init                            0x08001e65   Thumb Code   418  stm32f1xx_hal_gpio.o(i.HAL_GPIO_Init)
    HAL_GPIO_WritePin                        0x08002025   Thumb Code    10  stm32f1xx_hal_gpio.o(i.HAL_GPIO_WritePin)
    HAL_GetTick                              0x08002031   Thumb Code     6  stm32f1xx_hal.o(i.HAL_GetTick)
    HAL_IncTick                              0x0800203d   Thumb Code    12  stm32f1xx_hal.o(i.HAL_IncTick)
    HAL_Init                                 0x0800204d   Thumb Code    32  stm32f1xx_hal.o(i.HAL_Init)
    HAL_InitTick                             0x08002071   Thumb Code    54  stm32f1xx_hal.o(i.HAL_InitTick)
    HAL_MspInit                              0x080020b1   Thumb Code    52  stm32f1xx_hal_msp.o(i.HAL_MspInit)
    HAL_NVIC_EnableIRQ                       0x080020ed   Thumb Code    26  stm32f1xx_hal_cortex.o(i.HAL_NVIC_EnableIRQ)
    HAL_NVIC_SetPriority                     0x08002109   Thumb Code    60  stm32f1xx_hal_cortex.o(i.HAL_NVIC_SetPriority)
    HAL_NVIC_SetPriorityGrouping             0x08002149   Thumb Code    26  stm32f1xx_hal_cortex.o(i.HAL_NVIC_SetPriorityGrouping)
    HAL_RCC_ClockConfig                      0x0800216d   Thumb Code   280  stm32f1xx_hal_rcc.o(i.HAL_RCC_ClockConfig)
    HAL_RCC_GetPCLK1Freq                     0x08002299   Thumb Code    20  stm32f1xx_hal_rcc.o(i.HAL_RCC_GetPCLK1Freq)
    HAL_RCC_GetPCLK2Freq                     0x080022b9   Thumb Code    20  stm32f1xx_hal_rcc.o(i.HAL_RCC_GetPCLK2Freq)
    HAL_RCC_GetSysClockFreq                  0x080022d9   Thumb Code    74  stm32f1xx_hal_rcc.o(i.HAL_RCC_GetSysClockFreq)
    HAL_RCC_OscConfig                        0x08002345   Thumb Code   778  stm32f1xx_hal_rcc.o(i.HAL_RCC_OscConfig)
    HAL_SPI_Init                             0x08002665   Thumb Code   178  stm32f1xx_hal_spi.o(i.HAL_SPI_Init)
    HAL_SPI_MspInit                          0x08002719   Thumb Code    98  spi.o(i.HAL_SPI_MspInit)
    HAL_SPI_TransmitReceive                  0x08002789   Thumb Code   482  stm32f1xx_hal_spi.o(i.HAL_SPI_TransmitReceive)
    HAL_SYSTICK_Config                       0x0800296b   Thumb Code    40  stm32f1xx_hal_cortex.o(i.HAL_SYSTICK_Config)
    HAL_TIMEx_BreakCallback                  0x08002993   Thumb Code     2  stm32f1xx_hal_tim_ex.o(i.HAL_TIMEx_BreakCallback)
    HAL_TIMEx_CommutCallback                 0x08002995   Thumb Code     2  stm32f1xx_hal_tim_ex.o(i.HAL_TIMEx_CommutCallback)
    HAL_TIMEx_MasterConfigSynchronization    0x08002999   Thumb Code    86  stm32f1xx_hal_tim_ex.o(i.HAL_TIMEx_MasterConfigSynchronization)
    HAL_TIM_Base_Init                        0x080029f9   Thumb Code    90  stm32f1xx_hal_tim.o(i.HAL_TIM_Base_Init)
    HAL_TIM_Base_MspInit                     0x08002a55   Thumb Code    86  tim.o(i.HAL_TIM_Base_MspInit)
    HAL_TIM_Base_Start_IT                    0x08002ab5   Thumb Code    70  stm32f1xx_hal_tim.o(i.HAL_TIM_Base_Start_IT)
    HAL_TIM_Base_Stop_IT                     0x08002b05   Thumb Code    48  stm32f1xx_hal_tim.o(i.HAL_TIM_Base_Stop_IT)
    HAL_TIM_ConfigClockSource                0x08002b35   Thumb Code   214  stm32f1xx_hal_tim.o(i.HAL_TIM_ConfigClockSource)
    HAL_TIM_IC_CaptureCallback               0x08002c0b   Thumb Code     2  stm32f1xx_hal_tim.o(i.HAL_TIM_IC_CaptureCallback)
    HAL_TIM_IRQHandler                       0x08002c0d   Thumb Code   358  stm32f1xx_hal_tim.o(i.HAL_TIM_IRQHandler)
    HAL_TIM_OC_DelayElapsedCallback          0x08002d73   Thumb Code     2  stm32f1xx_hal_tim.o(i.HAL_TIM_OC_DelayElapsedCallback)
    HAL_TIM_PWM_PulseFinishedCallback        0x08002d75   Thumb Code     2  stm32f1xx_hal_tim.o(i.HAL_TIM_PWM_PulseFinishedCallback)
    HAL_TIM_PeriodElapsedCallback            0x08002d79   Thumb Code   682  main.o(i.HAL_TIM_PeriodElapsedCallback)
    HAL_TIM_TriggerCallback                  0x080030d9   Thumb Code     2  stm32f1xx_hal_tim.o(i.HAL_TIM_TriggerCallback)
    HAL_UARTEx_RxEventCallback               0x080030db   Thumb Code     2  stm32f1xx_hal_uart.o(i.HAL_UARTEx_RxEventCallback)
    HAL_UART_ErrorCallback                   0x080030dd   Thumb Code     2  stm32f1xx_hal_uart.o(i.HAL_UART_ErrorCallback)
    HAL_UART_IRQHandler                      0x080030e1   Thumb Code   520  stm32f1xx_hal_uart.o(i.HAL_UART_IRQHandler)
    HAL_UART_Init                            0x080032ed   Thumb Code    98  stm32f1xx_hal_uart.o(i.HAL_UART_Init)
    HAL_UART_MspInit                         0x08003351   Thumb Code   114  usart.o(i.HAL_UART_MspInit)
    HAL_UART_Receive_IT                      0x080033d1   Thumb Code    42  stm32f1xx_hal_uart.o(i.HAL_UART_Receive_IT)
    HAL_UART_RxCpltCallback                  0x080033fd   Thumb Code   218  main.o(i.HAL_UART_RxCpltCallback)
    HAL_UART_Transmit                        0x0800357d   Thumb Code   178  stm32f1xx_hal_uart.o(i.HAL_UART_Transmit)
    HAL_UART_TxCpltCallback                  0x0800362f   Thumb Code     2  stm32f1xx_hal_uart.o(i.HAL_UART_TxCpltCallback)
    HardFault_Handler                        0x08003631   Thumb Code     2  stm32f1xx_it.o(i.HardFault_Handler)
    MX_FATFS_Init                            0x08003635   Thumb Code    18  fatfs.o(i.MX_FATFS_Init)
    MX_GPIO_Init                             0x08003651   Thumb Code   102  gpio.o(i.MX_GPIO_Init)
    MX_SPI1_Init                             0x080036c1   Thumb Code    62  spi.o(i.MX_SPI1_Init)
    MX_TIM1_Init                             0x08003709   Thumb Code    98  tim.o(i.MX_TIM1_Init)
    MX_TIM2_Init                             0x08003775   Thumb Code    96  tim.o(i.MX_TIM2_Init)
    MX_USART2_UART_Init                      0x080037d9   Thumb Code    48  usart.o(i.MX_USART2_UART_Init)
    MemManage_Handler                        0x08003811   Thumb Code     2  stm32f1xx_it.o(i.MemManage_Handler)
    NMI_Handler                              0x08003813   Thumb Code     2  stm32f1xx_it.o(i.NMI_Handler)
    PendSV_Handler                           0x08003815   Thumb Code     2  stm32f1xx_it.o(i.PendSV_Handler)
    SD_CS                                    0x08003819   Thumb Code    18  sddriver.o(i.SD_CS)
    SD_GETCSD                                0x08003831   Thumb Code    30  sddriver.o(i.SD_GETCSD)
    SD_GetSectorCount                        0x0800384f   Thumb Code   110  sddriver.o(i.SD_GetSectorCount)
    SD_ReadDisk                              0x080038bd   Thumb Code   108  sddriver.o(i.SD_ReadDisk)
    SD_ReceiveData                           0x0800392d   Thumb Code    64  sddriver.o(i.SD_ReceiveData)
    SD_SendBlock                             0x0800396d   Thumb Code    80  sddriver.o(i.SD_SendBlock)
    SD_WriteDisk                             0x080039bd   Thumb Code   130  sddriver.o(i.SD_WriteDisk)
    SD_init                                  0x08003a45   Thumb Code   338  sddriver.o(i.SD_init)
    SD_sendcmd                               0x08003ba1   Thumb Code   106  sddriver.o(i.SD_sendcmd)
    SPI_setspeed                             0x08003ce9   Thumb Code     6  sddriver.o(i.SPI_setspeed)
    SVC_Handler                              0x08003cf5   Thumb Code     2  stm32f1xx_it.o(i.SVC_Handler)
    SysTick_Handler                          0x08003cf7   Thumb Code     4  stm32f1xx_it.o(i.SysTick_Handler)
    SystemClock_Config                       0x08003cfb   Thumb Code    94  main.o(i.SystemClock_Config)
    SystemInit                               0x08003d59   Thumb Code     2  system_stm32f1xx.o(i.SystemInit)
    TIM1_UP_IRQHandler                       0x08003d5d   Thumb Code     6  stm32f1xx_it.o(i.TIM1_UP_IRQHandler)
    TIM2_IRQHandler                          0x08003d69   Thumb Code     6  stm32f1xx_it.o(i.TIM2_IRQHandler)
    TIM_Base_SetConfig                       0x08003d75   Thumb Code    84  stm32f1xx_hal_tim.o(i.TIM_Base_SetConfig)
    TIM_ETR_SetConfig                        0x08003dd1   Thumb Code    20  stm32f1xx_hal_tim.o(i.TIM_ETR_SetConfig)
    UART_Start_Receive_IT                    0x08003fe9   Thumb Code    54  stm32f1xx_hal_uart.o(i.UART_Start_Receive_IT)
    USART2_IRQHandler                        0x08004085   Thumb Code     6  stm32f1xx_it.o(i.USART2_IRQHandler)
    USER_initialize                          0x08004091   Thumb Code    32  user_diskio.o(i.USER_initialize)
    USER_ioctl                               0x080040b1   Thumb Code    78  user_diskio.o(i.USER_ioctl)
    USER_read                                0x080040ff   Thumb Code    34  user_diskio.o(i.USER_read)
    USER_status                              0x08004121   Thumb Code    20  user_diskio.o(i.USER_status)
    USER_write                               0x08004135   Thumb Code    34  user_diskio.o(i.USER_write)
    UsageFault_Handler                       0x08004157   Thumb Code     2  stm32f1xx_it.o(i.UsageFault_Handler)
    __ARM_fpclassify                         0x08004159   Thumb Code    40  fpclassify.o(i.__ARM_fpclassify)
    _is_digit                                0x080041a1   Thumb Code    14  __printf_wp.o(i._is_digit)
    clust2sect                               0x080042cb   Thumb Code    30  ff.o(i.clust2sect)
    disk_initialize                          0x080047ad   Thumb Code    36  diskio.o(i.disk_initialize)
    disk_ioctl                               0x080047d5   Thumb Code    24  diskio.o(i.disk_ioctl)
    disk_read                                0x080047f1   Thumb Code    24  diskio.o(i.disk_read)
    disk_status                              0x0800480d   Thumb Code    18  diskio.o(i.disk_status)
    disk_write                               0x08004825   Thumb Code    24  diskio.o(i.disk_write)
    f_close                                  0x08004841   Thumb Code    42  ff.o(i.f_close)
    f_closedir                               0x0800486b   Thumb Code    36  ff.o(i.f_closedir)
    f_lseek                                  0x08004891   Thumb Code   644  ff.o(i.f_lseek)
    f_mkdir                                  0x08004b15   Thumb Code   356  ff.o(i.f_mkdir)
    f_mount                                  0x08004c79   Thumb Code    88  ff.o(i.f_mount)
    f_open                                   0x08004cd5   Thumb Code   412  ff.o(i.f_open)
    f_opendir                                0x08004e75   Thumb Code   148  ff.o(i.f_opendir)
    f_read                                   0x08004f09   Thumb Code   396  ff.o(i.f_read)
    f_readdir                                0x08005095   Thumb Code    82  ff.o(i.f_readdir)
    f_sync                                   0x080050e7   Thumb Code   184  ff.o(i.f_sync)
    f_unlink                                 0x0800519f   Thumb Code   170  ff.o(i.f_unlink)
    f_write                                  0x08005249   Thumb Code   470  ff.o(i.f_write)
    get_dir                                  0x08005739   Thumb Code    84  myhfs_file.o(i.get_dir)
    get_fat                                  0x080057b9   Thumb Code   194  ff.o(i.get_fat)
    get_fattime                              0x0800587b   Thumb Code     4  fatfs.o(i.get_fattime)
    insert                                   0x080059ad   Thumb Code    32  myhfs_str.o(i.insert)
    main                                     0x080059e1   Thumb Code    66  main.o(i.main)
    my_printf                                0x08005a8b   Thumb Code    18  main.o(i.my_printf)
    put_fat                                  0x08005a9d   Thumb Code   248  ff.o(i.put_fat)
    sned_header                              0x08005c05   Thumb Code     8  myhfs_http.o(i.sned_header)
    spi_readwrite                            0x08005c11   Thumb Code    26  sddriver.o(i.spi_readwrite)
    strcut                                   0x08005c41   Thumb Code    70  myhfs_str.o(i.strcut)
    strdelete                                0x08005c89   Thumb Code    18  myhfs_str.o(i.strdelete)
    vprint                                   0x08005ddd   Thumb Code    40  main.o(i.vprint)
    wifi_init                                0x08005e09   Thumb Code   126  esp8266.o(i.wifi_init)
    _get_lc_numeric                          0x08005e91   Thumb Code    44  lc_numeric_c.o(locale$$code)
    _get_lc_ctype                            0x08005ebd   Thumb Code    44  lc_ctype_c.o(locale$$code)
    _printf_fp_dec                           0x08005ee9   Thumb Code     4  printf1.o(x$fpl$printf1)
    _printf_fp_hex                           0x08005eed   Thumb Code     4  printf2.o(x$fpl$printf2)
    __I$use$fp                               0x08005ef0   Number         0  usenofp.o(x$fpl$usenofp)
    AHBPrescTable                            0x08005f54   Data          16  system_stm32f1xx.o(.constdata)
    APBPrescTable                            0x08005f64   Data           8  system_stm32f1xx.o(.constdata)
    Region$$Table$$Base                      0x08006270   Number         0  anon$$obj.o(Region$$Table)
    Region$$Table$$Limit                     0x08006290   Number         0  anon$$obj.o(Region$$Table)
    __ctype                                  0x080062b9   Data           0  lc_ctype_c.o(locale$$data)
    aRxBuffer1                               0x20000000   Data           1  main.o(.data)
    res                                      0x20000001   Data           1  main.o(.data)
    cur_state                                0x20000002   Data           1  main.o(.data)
    next_state                               0x20000003   Data           1  main.o(.data)
    Uart1_Rx_Cnt                             0x20000004   Data           2  main.o(.data)
    Uart2_Rx_Cnt                             0x20000006   Data           2  main.o(.data)
    Br                                       0x20000008   Data           4  main.o(.data)
    Bw                                       0x2000000c   Data           4  main.o(.data)
    divide_line                              0x20000010   Data           4  main.o(.data)
    p1                                       0x20000014   Data           4  main.o(.data)
    p3                                       0x20000018   Data           4  main.o(.data)
    USER_Driver                              0x2000001c   Data          20  user_diskio.o(.data)
    retUSER                                  0x20000030   Data           1  fatfs.o(.data)
    USERPath                                 0x20000031   Data           4  fatfs.o(.data)
    uwTickFreq                               0x20000038   Data           1  stm32f1xx_hal.o(.data)
    uwTickPrio                               0x2000003c   Data           4  stm32f1xx_hal.o(.data)
    uwTick                                   0x20000040   Data           4  stm32f1xx_hal.o(.data)
    SystemCoreClock                          0x20000044   Data           4  system_stm32f1xx.o(.data)
    DFF                                      0x20000064   Data           1  sddriver.o(.data)
    SD_TYPE                                  0x20000065   Data           1  sddriver.o(.data)
    Uart1_RxBuffer                           0x2000006c   Data         600  main.o(.bss)
    Uart2_RxBuffer                           0x200002c4   Data         600  main.o(.bss)
    fs                                       0x2000051c   Data         560  main.o(.bss)
    file                                     0x2000074c   Data         556  main.o(.bss)
    List                                     0x20000978   Data         200  main.o(.bss)
    file_name                                0x20000a40   Data          40  main.o(.bss)
    buf                                      0x20000a68   Data        2000  main.o(.bss)
    ptr                                      0x20001238   Data         240  main.o(.bss)
    dir                                      0x20001328   Data         544  main.o(.bss)
    hspi1                                    0x20001548   Data          88  spi.o(.bss)
    htim1                                    0x200015a0   Data          72  tim.o(.bss)
    htim2                                    0x200015e8   Data          72  tim.o(.bss)
    huart2                                   0x20001630   Data          68  usart.o(.bss)
    disk                                     0x2000168c   Data          12  ff_gen_drv.o(.bss)
    __libspace_start                         0x20001698   Data          96  libspace.o(.bss)
    __temporary_stack_top$libspace           0x200016f8   Data           0  libspace.o(.bss)



==============================================================================

Memory Map of the image

  Image Entry point : 0x080000ed

  Load Region LR_IROM1 (Base: 0x08000000, Size: 0x00006428, Max: 0x00008000, ABSOLUTE)

    Execution Region ER_IROM1 (Exec base: 0x08000000, Load base: 0x08000000, Size: 0x000063bc, Max: 0x00008000, ABSOLUTE)

    Exec Addr    Load Addr    Size         Type   Attr      Idx    E Section Name        Object

    0x08000000   0x08000000   0x000000ec   Data   RO            3    RESET               startup_stm32f103x6.o
    0x080000ec   0x080000ec   0x00000008   Code   RO         4064  * !!!main             c_w.l(__main.o)
    0x080000f4   0x080000f4   0x00000034   Code   RO         4360    !!!scatter          c_w.l(__scatter.o)
    0x08000128   0x08000128   0x0000001a   Code   RO         4362    !!handler_copy      c_w.l(__scatter_copy.o)
    0x08000142   0x08000142   0x00000002   PAD
    0x08000144   0x08000144   0x0000001c   Code   RO         4364    !!handler_zi        c_w.l(__scatter_zi.o)
    0x08000160   0x08000160   0x00000000   Code   RO         4042    .ARM.Collect$$_printf_percent$$00000000  c_w.l(_printf_percent.o)
    0x08000160   0x08000160   0x00000006   Code   RO         4114    .ARM.Collect$$_printf_percent$$00000001  c_w.l(_printf_n.o)
    0x08000166   0x08000166   0x00000006   Code   RO         4116    .ARM.Collect$$_printf_percent$$00000002  c_w.l(_printf_p.o)
    0x0800016c   0x0800016c   0x00000006   Code   RO         4120    .ARM.Collect$$_printf_percent$$00000003  c_w.l(_printf_f.o)
    0x08000172   0x08000172   0x00000006   Code   RO         4121    .ARM.Collect$$_printf_percent$$00000004  c_w.l(_printf_e.o)
    0x08000178   0x08000178   0x00000006   Code   RO         4122    .ARM.Collect$$_printf_percent$$00000005  c_w.l(_printf_g.o)
    0x0800017e   0x0800017e   0x00000006   Code   RO         4123    .ARM.Collect$$_printf_percent$$00000006  c_w.l(_printf_a.o)
    0x08000184   0x08000184   0x0000000a   Code   RO         4128    .ARM.Collect$$_printf_percent$$00000007  c_w.l(_printf_ll.o)
    0x0800018e   0x0800018e   0x00000006   Code   RO         4118    .ARM.Collect$$_printf_percent$$00000008  c_w.l(_printf_i.o)
    0x08000194   0x08000194   0x00000006   Code   RO         4041    .ARM.Collect$$_printf_percent$$00000009  c_w.l(_printf_d.o)
    0x0800019a   0x0800019a   0x00000006   Code   RO         4119    .ARM.Collect$$_printf_percent$$0000000A  c_w.l(_printf_u.o)
    0x080001a0   0x080001a0   0x00000006   Code   RO         4117    .ARM.Collect$$_printf_percent$$0000000B  c_w.l(_printf_o.o)
    0x080001a6   0x080001a6   0x00000006   Code   RO         4115    .ARM.Collect$$_printf_percent$$0000000C  c_w.l(_printf_x.o)
    0x080001ac   0x080001ac   0x00000006   Code   RO         4125    .ARM.Collect$$_printf_percent$$0000000D  c_w.l(_printf_lli.o)
    0x080001b2   0x080001b2   0x00000006   Code   RO         4126    .ARM.Collect$$_printf_percent$$0000000E  c_w.l(_printf_lld.o)
    0x080001b8   0x080001b8   0x00000006   Code   RO         4127    .ARM.Collect$$_printf_percent$$0000000F  c_w.l(_printf_llu.o)
    0x080001be   0x080001be   0x00000006   Code   RO         4132    .ARM.Collect$$_printf_percent$$00000010  c_w.l(_printf_llo.o)
    0x080001c4   0x080001c4   0x00000006   Code   RO         4133    .ARM.Collect$$_printf_percent$$00000011  c_w.l(_printf_llx.o)
    0x080001ca   0x080001ca   0x0000000a   Code   RO         4129    .ARM.Collect$$_printf_percent$$00000012  c_w.l(_printf_l.o)
    0x080001d4   0x080001d4   0x00000006   Code   RO         4113    .ARM.Collect$$_printf_percent$$00000013  c_w.l(_printf_c.o)
    0x080001da   0x080001da   0x00000006   Code   RO         4040    .ARM.Collect$$_printf_percent$$00000014  c_w.l(_printf_s.o)
    0x080001e0   0x080001e0   0x00000006   Code   RO         4130    .ARM.Collect$$_printf_percent$$00000015  c_w.l(_printf_lc.o)
    0x080001e6   0x080001e6   0x00000006   Code   RO         4131    .ARM.Collect$$_printf_percent$$00000016  c_w.l(_printf_ls.o)
    0x080001ec   0x080001ec   0x00000004   Code   RO         4124    .ARM.Collect$$_printf_percent$$00000017  c_w.l(_printf_percent_end.o)
    0x080001f0   0x080001f0   0x00000002   Code   RO         4222    .ARM.Collect$$libinit$$00000000  c_w.l(libinit.o)
    0x080001f2   0x080001f2   0x00000000   Code   RO         4237    .ARM.Collect$$libinit$$00000002  c_w.l(libinit2.o)
    0x080001f2   0x080001f2   0x00000000   Code   RO         4239    .ARM.Collect$$libinit$$00000004  c_w.l(libinit2.o)
    0x080001f2   0x080001f2   0x00000000   Code   RO         4242    .ARM.Collect$$libinit$$0000000A  c_w.l(libinit2.o)
    0x080001f2   0x080001f2   0x00000000   Code   RO         4244    .ARM.Collect$$libinit$$0000000C  c_w.l(libinit2.o)
    0x080001f2   0x080001f2   0x00000000   Code   RO         4246    .ARM.Collect$$libinit$$0000000E  c_w.l(libinit2.o)
    0x080001f2   0x080001f2   0x00000006   Code   RO         4247    .ARM.Collect$$libinit$$0000000F  c_w.l(libinit2.o)
    0x080001f8   0x080001f8   0x00000000   Code   RO         4249    .ARM.Collect$$libinit$$00000011  c_w.l(libinit2.o)
    0x080001f8   0x080001f8   0x0000000c   Code   RO         4250    .ARM.Collect$$libinit$$00000012  c_w.l(libinit2.o)
    0x08000204   0x08000204   0x00000000   Code   RO         4251    .ARM.Collect$$libinit$$00000013  c_w.l(libinit2.o)
    0x08000204   0x08000204   0x00000000   Code   RO         4253    .ARM.Collect$$libinit$$00000015  c_w.l(libinit2.o)
    0x08000204   0x08000204   0x0000000a   Code   RO         4254    .ARM.Collect$$libinit$$00000016  c_w.l(libinit2.o)
    0x0800020e   0x0800020e   0x00000000   Code   RO         4255    .ARM.Collect$$libinit$$00000017  c_w.l(libinit2.o)
    0x0800020e   0x0800020e   0x00000000   Code   RO         4257    .ARM.Collect$$libinit$$00000019  c_w.l(libinit2.o)
    0x0800020e   0x0800020e   0x00000000   Code   RO         4259    .ARM.Collect$$libinit$$0000001B  c_w.l(libinit2.o)
    0x0800020e   0x0800020e   0x00000000   Code   RO         4261    .ARM.Collect$$libinit$$0000001D  c_w.l(libinit2.o)
    0x0800020e   0x0800020e   0x00000000   Code   RO         4263    .ARM.Collect$$libinit$$0000001F  c_w.l(libinit2.o)
    0x0800020e   0x0800020e   0x00000000   Code   RO         4265    .ARM.Collect$$libinit$$00000021  c_w.l(libinit2.o)
    0x0800020e   0x0800020e   0x00000000   Code   RO         4267    .ARM.Collect$$libinit$$00000023  c_w.l(libinit2.o)
    0x0800020e   0x0800020e   0x00000000   Code   RO         4269    .ARM.Collect$$libinit$$00000025  c_w.l(libinit2.o)
    0x0800020e   0x0800020e   0x00000000   Code   RO         4273    .ARM.Collect$$libinit$$0000002C  c_w.l(libinit2.o)
    0x0800020e   0x0800020e   0x00000000   Code   RO         4275    .ARM.Collect$$libinit$$0000002E  c_w.l(libinit2.o)
    0x0800020e   0x0800020e   0x00000000   Code   RO         4277    .ARM.Collect$$libinit$$00000030  c_w.l(libinit2.o)
    0x0800020e   0x0800020e   0x00000000   Code   RO         4279    .ARM.Collect$$libinit$$00000032  c_w.l(libinit2.o)
    0x0800020e   0x0800020e   0x00000002   Code   RO         4280    .ARM.Collect$$libinit$$00000033  c_w.l(libinit2.o)
    0x08000210   0x08000210   0x00000002   Code   RO         4300    .ARM.Collect$$libshutdown$$00000000  c_w.l(libshutdown.o)
    0x08000212   0x08000212   0x00000000   Code   RO         4313    .ARM.Collect$$libshutdown$$00000002  c_w.l(libshutdown2.o)
    0x08000212   0x08000212   0x00000000   Code   RO         4315    .ARM.Collect$$libshutdown$$00000004  c_w.l(libshutdown2.o)
    0x08000212   0x08000212   0x00000000   Code   RO         4318    .ARM.Collect$$libshutdown$$00000007  c_w.l(libshutdown2.o)
    0x08000212   0x08000212   0x00000000   Code   RO         4321    .ARM.Collect$$libshutdown$$0000000A  c_w.l(libshutdown2.o)
    0x08000212   0x08000212   0x00000000   Code   RO         4323    .ARM.Collect$$libshutdown$$0000000C  c_w.l(libshutdown2.o)
    0x08000212   0x08000212   0x00000000   Code   RO         4326    .ARM.Collect$$libshutdown$$0000000F  c_w.l(libshutdown2.o)
    0x08000212   0x08000212   0x00000002   Code   RO         4327    .ARM.Collect$$libshutdown$$00000010  c_w.l(libshutdown2.o)
    0x08000214   0x08000214   0x00000000   Code   RO         4066    .ARM.Collect$$rtentry$$00000000  c_w.l(__rtentry.o)
    0x08000214   0x08000214   0x00000000   Code   RO         4145    .ARM.Collect$$rtentry$$00000002  c_w.l(__rtentry2.o)
    0x08000214   0x08000214   0x00000006   Code   RO         4157    .ARM.Collect$$rtentry$$00000004  c_w.l(__rtentry4.o)
    0x0800021a   0x0800021a   0x00000000   Code   RO         4147    .ARM.Collect$$rtentry$$00000009  c_w.l(__rtentry2.o)
    0x0800021a   0x0800021a   0x00000004   Code   RO         4148    .ARM.Collect$$rtentry$$0000000A  c_w.l(__rtentry2.o)
    0x0800021e   0x0800021e   0x00000000   Code   RO         4150    .ARM.Collect$$rtentry$$0000000C  c_w.l(__rtentry2.o)
    0x0800021e   0x0800021e   0x00000008   Code   RO         4151    .ARM.Collect$$rtentry$$0000000D  c_w.l(__rtentry2.o)
    0x08000226   0x08000226   0x00000002   Code   RO         4231    .ARM.Collect$$rtexit$$00000000  c_w.l(rtexit.o)
    0x08000228   0x08000228   0x00000000   Code   RO         4282    .ARM.Collect$$rtexit$$00000002  c_w.l(rtexit2.o)
    0x08000228   0x08000228   0x00000004   Code   RO         4283    .ARM.Collect$$rtexit$$00000003  c_w.l(rtexit2.o)
    0x0800022c   0x0800022c   0x00000006   Code   RO         4284    .ARM.Collect$$rtexit$$00000004  c_w.l(rtexit2.o)
    0x08000232   0x08000232   0x00000002   PAD
    0x08000234   0x08000234   0x00000040   Code   RO            4    .text               startup_stm32f103x6.o
    0x08000274   0x08000274   0x00000024   Code   RO         4008    .text               c_w.l(vsprintf.o)
    0x08000298   0x08000298   0x0000002c   Code   RO         4010    .text               c_w.l(__2sprintf.o)
    0x080002c4   0x080002c4   0x00000052   Code   RO         4016    .text               c_w.l(_printf_str.o)
    0x08000316   0x08000316   0x00000002   PAD
    0x08000318   0x08000318   0x00000078   Code   RO         4018    .text               c_w.l(_printf_dec.o)
    0x08000390   0x08000390   0x00000188   Code   RO         4037    .text               c_w.l(__printf_flags_ss_wp.o)
    0x08000518   0x08000518   0x0000000c   Code   RO         4043    .text               c_w.l(strtok.o)
    0x08000524   0x08000524   0x00000024   Code   RO         4046    .text               c_w.l(strstr.o)
    0x08000548   0x08000548   0x00000048   Code   RO         4048    .text               c_w.l(strcpy.o)
    0x08000590   0x08000590   0x0000003e   Code   RO         4052    .text               c_w.l(strlen.o)
    0x080005ce   0x080005ce   0x00000018   Code   RO         4054    .text               c_w.l(strcat.o)
    0x080005e6   0x080005e6   0x00000064   Code   RO         4056    .text               c_w.l(rt_memcpy_w.o)
    0x0800064a   0x0800064a   0x0000004e   Code   RO         4058    .text               c_w.l(rt_memclr_w.o)
    0x08000698   0x08000698   0x00000080   Code   RO         4060    .text               c_w.l(strcmpv7m.o)
    0x08000718   0x08000718   0x00000006   Code   RO         4062    .text               c_w.l(heapauxi.o)
    0x0800071e   0x0800071e   0x0000004e   Code   RO         4067    .text               c_w.l(_printf_pad.o)
    0x0800076c   0x0800076c   0x00000024   Code   RO         4069    .text               c_w.l(_printf_truncate.o)
    0x08000790   0x08000790   0x000000b2   Code   RO         4071    .text               c_w.l(_printf_intcommon.o)
    0x08000842   0x08000842   0x00000028   Code   RO         4073    .text               c_w.l(_printf_charcount.o)
    0x0800086a   0x0800086a   0x00000002   PAD
    0x0800086c   0x0800086c   0x00000030   Code   RO         4075    .text               c_w.l(_printf_char_common.o)
    0x0800089c   0x0800089c   0x0000000a   Code   RO         4077    .text               c_w.l(_sputc.o)
    0x080008a6   0x080008a6   0x0000002c   Code   RO         4079    .text               c_w.l(_printf_char.o)
    0x080008d2   0x080008d2   0x00000002   PAD
    0x080008d4   0x080008d4   0x000000bc   Code   RO         4081    .text               c_w.l(_printf_wctomb.o)
    0x08000990   0x08000990   0x0000007c   Code   RO         4084    .text               c_w.l(_printf_longlong_dec.o)
    0x08000a0c   0x08000a0c   0x00000070   Code   RO         4090    .text               c_w.l(_printf_oct_int_ll.o)
    0x08000a7c   0x08000a7c   0x00000094   Code   RO         4110    .text               c_w.l(_printf_hex_int_ll_ptr.o)
    0x08000b10   0x08000b10   0x00000044   Code   RO         4134    .text               c_w.l(strtok_int.o)
    0x08000b54   0x08000b54   0x0000008a   Code   RO         4159    .text               c_w.l(lludiv10.o)
    0x08000bde   0x08000bde   0x0000041e   Code   RO         4161    .text               c_w.l(_printf_fp_dec.o)
    0x08000ffc   0x08000ffc   0x000002fc   Code   RO         4163    .text               c_w.l(_printf_fp_hex.o)
    0x080012f8   0x080012f8   0x0000002c   Code   RO         4168    .text               c_w.l(_printf_wchar.o)
    0x08001324   0x08001324   0x00000040   Code   RO         4170    .text               c_w.l(_wcrtomb.o)
    0x08001364   0x08001364   0x00000020   Code   RO         4172    .text               c_w.l(strcspn.o)
    0x08001384   0x08001384   0x0000001c   Code   RO         4174    .text               c_w.l(strspn.o)
    0x080013a0   0x080013a0   0x0000004a   Code   RO         4176    .text               c_w.l(sys_stackheap_outer.o)
    0x080013ea   0x080013ea   0x00000002   PAD
    0x080013ec   0x080013ec   0x00000010   Code   RO         4178    .text               c_w.l(rt_ctype_table.o)
    0x080013fc   0x080013fc   0x00000008   Code   RO         4183    .text               c_w.l(rt_locale_intlibspace.o)
    0x08001404   0x08001404   0x00000080   Code   RO         4185    .text               c_w.l(_printf_fp_infnan.o)
    0x08001484   0x08001484   0x000000e4   Code   RO         4187    .text               c_w.l(bigflt0.o)
    0x08001568   0x08001568   0x00000012   Code   RO         4215    .text               c_w.l(exit.o)
    0x0800157a   0x0800157a   0x00000002   PAD
    0x0800157c   0x0800157c   0x00000008   Code   RO         4228    .text               c_w.l(libspace.o)
    0x08001584   0x08001584   0x0000000c   Code   RO         4292    .text               c_w.l(sys_exit.o)
    0x08001590   0x08001590   0x00000002   Code   RO         4303    .text               c_w.l(use_no_semi.o)
    0x08001592   0x08001592   0x00000000   Code   RO         4305    .text               c_w.l(indicate_semi.o)
    0x08001592   0x08001592   0x0000003e   Code   RO         4190    CL$$btod_d2e        c_w.l(btod.o)
    0x080015d0   0x080015d0   0x00000046   Code   RO         4192    CL$$btod_d2e_denorm_low  c_w.l(btod.o)
    0x08001616   0x08001616   0x00000060   Code   RO         4191    CL$$btod_d2e_norm_op1  c_w.l(btod.o)
    0x08001676   0x08001676   0x00000338   Code   RO         4200    CL$$btod_div_common  c_w.l(btod.o)
    0x080019ae   0x080019ae   0x000000dc   Code   RO         4197    CL$$btod_e2e        c_w.l(btod.o)
    0x08001a8a   0x08001a8a   0x0000002a   Code   RO         4194    CL$$btod_ediv       c_w.l(btod.o)
    0x08001ab4   0x08001ab4   0x0000002a   Code   RO         4193    CL$$btod_emul       c_w.l(btod.o)
    0x08001ade   0x08001ade   0x00000244   Code   RO         4199    CL$$btod_mult_common  c_w.l(btod.o)
    0x08001d22   0x08001d22   0x00000002   Code   RO          409    i.BusFault_Handler  stm32f1xx_it.o
    0x08001d24   0x08001d24   0x00000002   Code   RO          410    i.DebugMon_Handler  stm32f1xx_it.o
    0x08001d26   0x08001d26   0x00000004   Code   RO           13    i.Error_Handler     main.o
    0x08001d2a   0x08001d2a   0x00000006   Code   RO         3682    i.FATFS_LinkDriver  ff_gen_drv.o
    0x08001d30   0x08001d30   0x00000040   Code   RO         3683    i.FATFS_LinkDriverEx  ff_gen_drv.o
    0x08001d70   0x08001d70   0x00000046   Code   RO         1037    i.HAL_DMA_Abort     stm32f1xx_hal_dma.o
    0x08001db6   0x08001db6   0x00000002   PAD
    0x08001db8   0x08001db8   0x00000098   Code   RO         1038    i.HAL_DMA_Abort_IT  stm32f1xx_hal_dma.o
    0x08001e50   0x08001e50   0x00000014   Code   RO           14    i.HAL_Delay         main.o
    0x08001e64   0x08001e64   0x000001c0   Code   RO          973    i.HAL_GPIO_Init     stm32f1xx_hal_gpio.o
    0x08002024   0x08002024   0x0000000a   Code   RO          977    i.HAL_GPIO_WritePin  stm32f1xx_hal_gpio.o
    0x0800202e   0x0800202e   0x00000002   PAD
    0x08002030   0x08002030   0x0000000c   Code   RO          669    i.HAL_GetTick       stm32f1xx_hal.o
    0x0800203c   0x0800203c   0x00000010   Code   RO          675    i.HAL_IncTick       stm32f1xx_hal.o
    0x0800204c   0x0800204c   0x00000024   Code   RO          676    i.HAL_Init          stm32f1xx_hal.o
    0x08002070   0x08002070   0x00000040   Code   RO          677    i.HAL_InitTick      stm32f1xx_hal.o
    0x080020b0   0x080020b0   0x0000003c   Code   RO          503    i.HAL_MspInit       stm32f1xx_hal_msp.o
    0x080020ec   0x080020ec   0x0000001a   Code   RO         1133    i.HAL_NVIC_EnableIRQ  stm32f1xx_hal_cortex.o
    0x08002106   0x08002106   0x00000002   PAD
    0x08002108   0x08002108   0x00000040   Code   RO         1139    i.HAL_NVIC_SetPriority  stm32f1xx_hal_cortex.o
    0x08002148   0x08002148   0x00000024   Code   RO         1140    i.HAL_NVIC_SetPriorityGrouping  stm32f1xx_hal_cortex.o
    0x0800216c   0x0800216c   0x0000012c   Code   RO          833    i.HAL_RCC_ClockConfig  stm32f1xx_hal_rcc.o
    0x08002298   0x08002298   0x00000020   Code   RO          840    i.HAL_RCC_GetPCLK1Freq  stm32f1xx_hal_rcc.o
    0x080022b8   0x080022b8   0x00000020   Code   RO          841    i.HAL_RCC_GetPCLK2Freq  stm32f1xx_hal_rcc.o
    0x080022d8   0x080022d8   0x0000006c   Code   RO          842    i.HAL_RCC_GetSysClockFreq  stm32f1xx_hal_rcc.o
    0x08002344   0x08002344   0x00000320   Code   RO          845    i.HAL_RCC_OscConfig  stm32f1xx_hal_rcc.o
    0x08002664   0x08002664   0x000000b2   Code   RO         1634    i.HAL_SPI_Init      stm32f1xx_hal_spi.o
    0x08002716   0x08002716   0x00000002   PAD
    0x08002718   0x08002718   0x00000070   Code   RO          278    i.HAL_SPI_MspInit   spi.o
    0x08002788   0x08002788   0x000001e2   Code   RO         1643    i.HAL_SPI_TransmitReceive  stm32f1xx_hal_spi.o
    0x0800296a   0x0800296a   0x00000028   Code   RO         1144    i.HAL_SYSTICK_Config  stm32f1xx_hal_cortex.o
    0x08002992   0x08002992   0x00000002   Code   RO         2651    i.HAL_TIMEx_BreakCallback  stm32f1xx_hal_tim_ex.o
    0x08002994   0x08002994   0x00000002   Code   RO         2652    i.HAL_TIMEx_CommutCallback  stm32f1xx_hal_tim_ex.o
    0x08002996   0x08002996   0x00000002   PAD
    0x08002998   0x08002998   0x00000060   Code   RO         2670    i.HAL_TIMEx_MasterConfigSynchronization  stm32f1xx_hal_tim_ex.o
    0x080029f8   0x080029f8   0x0000005a   Code   RO         1947    i.HAL_TIM_Base_Init  stm32f1xx_hal_tim.o
    0x08002a52   0x08002a52   0x00000002   PAD
    0x08002a54   0x08002a54   0x00000060   Code   RO          320    i.HAL_TIM_Base_MspInit  tim.o
    0x08002ab4   0x08002ab4   0x00000050   Code   RO         1952    i.HAL_TIM_Base_Start_IT  stm32f1xx_hal_tim.o
    0x08002b04   0x08002b04   0x00000030   Code   RO         1955    i.HAL_TIM_Base_Stop_IT  stm32f1xx_hal_tim.o
    0x08002b34   0x08002b34   0x000000d6   Code   RO         1956    i.HAL_TIM_ConfigClockSource  stm32f1xx_hal_tim.o
    0x08002c0a   0x08002c0a   0x00000002   Code   RO         1981    i.HAL_TIM_IC_CaptureCallback  stm32f1xx_hal_tim.o
    0x08002c0c   0x08002c0c   0x00000166   Code   RO         1995    i.HAL_TIM_IRQHandler  stm32f1xx_hal_tim.o
    0x08002d72   0x08002d72   0x00000002   Code   RO         1998    i.HAL_TIM_OC_DelayElapsedCallback  stm32f1xx_hal_tim.o
    0x08002d74   0x08002d74   0x00000002   Code   RO         2025    i.HAL_TIM_PWM_PulseFinishedCallback  stm32f1xx_hal_tim.o
    0x08002d76   0x08002d76   0x00000002   PAD
    0x08002d78   0x08002d78   0x00000360   Code   RO           15    i.HAL_TIM_PeriodElapsedCallback  main.o
    0x080030d8   0x080030d8   0x00000002   Code   RO         2038    i.HAL_TIM_TriggerCallback  stm32f1xx_hal_tim.o
    0x080030da   0x080030da   0x00000002   Code   RO         2929    i.HAL_UARTEx_RxEventCallback  stm32f1xx_hal_uart.o
    0x080030dc   0x080030dc   0x00000002   Code   RO         2943    i.HAL_UART_ErrorCallback  stm32f1xx_hal_uart.o
    0x080030de   0x080030de   0x00000002   PAD
    0x080030e0   0x080030e0   0x0000020c   Code   RO         2946    i.HAL_UART_IRQHandler  stm32f1xx_hal_uart.o
    0x080032ec   0x080032ec   0x00000062   Code   RO         2947    i.HAL_UART_Init     stm32f1xx_hal_uart.o
    0x0800334e   0x0800334e   0x00000002   PAD
    0x08003350   0x08003350   0x00000080   Code   RO          368    i.HAL_UART_MspInit  usart.o
    0x080033d0   0x080033d0   0x0000002a   Code   RO         2952    i.HAL_UART_Receive_IT  stm32f1xx_hal_uart.o
    0x080033fa   0x080033fa   0x00000002   PAD
    0x080033fc   0x080033fc   0x00000180   Code   RO           16    i.HAL_UART_RxCpltCallback  main.o
    0x0800357c   0x0800357c   0x000000b2   Code   RO         2955    i.HAL_UART_Transmit  stm32f1xx_hal_uart.o
    0x0800362e   0x0800362e   0x00000002   Code   RO         2958    i.HAL_UART_TxCpltCallback  stm32f1xx_hal_uart.o
    0x08003630   0x08003630   0x00000002   Code   RO          411    i.HardFault_Handler  stm32f1xx_it.o
    0x08003632   0x08003632   0x00000002   PAD
    0x08003634   0x08003634   0x0000001c   Code   RO          584    i.MX_FATFS_Init     fatfs.o
    0x08003650   0x08003650   0x00000070   Code   RO          253    i.MX_GPIO_Init      gpio.o
    0x080036c0   0x080036c0   0x00000048   Code   RO          279    i.MX_SPI1_Init      spi.o
    0x08003708   0x08003708   0x0000006c   Code   RO          321    i.MX_TIM1_Init      tim.o
    0x08003774   0x08003774   0x00000064   Code   RO          322    i.MX_TIM2_Init      tim.o
    0x080037d8   0x080037d8   0x00000038   Code   RO          369    i.MX_USART2_UART_Init  usart.o
    0x08003810   0x08003810   0x00000002   Code   RO          412    i.MemManage_Handler  stm32f1xx_it.o
    0x08003812   0x08003812   0x00000002   Code   RO          413    i.NMI_Handler       stm32f1xx_it.o
    0x08003814   0x08003814   0x00000002   Code   RO          414    i.PendSV_Handler    stm32f1xx_it.o
    0x08003816   0x08003816   0x00000002   PAD
    0x08003818   0x08003818   0x00000018   Code   RO         3803    i.SD_CS             sddriver.o
    0x08003830   0x08003830   0x0000001e   Code   RO         3805    i.SD_GETCSD         sddriver.o
    0x0800384e   0x0800384e   0x0000006e   Code   RO         3806    i.SD_GetSectorCount  sddriver.o
    0x080038bc   0x080038bc   0x00000070   Code   RO         3807    i.SD_ReadDisk       sddriver.o
    0x0800392c   0x0800392c   0x00000040   Code   RO         3808    i.SD_ReceiveData    sddriver.o
    0x0800396c   0x0800396c   0x00000050   Code   RO         3809    i.SD_SendBlock      sddriver.o
    0x080039bc   0x080039bc   0x00000088   Code   RO         3810    i.SD_WriteDisk      sddriver.o
    0x08003a44   0x08003a44   0x0000015c   Code   RO         3811    i.SD_init           sddriver.o
    0x08003ba0   0x08003ba0   0x00000070   Code   RO         3812    i.SD_sendcmd        sddriver.o
    0x08003c10   0x08003c10   0x00000020   Code   RO         1672    i.SPI_EndRxTxTransaction  stm32f1xx_hal_spi.o
    0x08003c30   0x08003c30   0x000000b8   Code   RO         1677    i.SPI_WaitFlagStateUntilTimeout  stm32f1xx_hal_spi.o
    0x08003ce8   0x08003ce8   0x0000000c   Code   RO         3813    i.SPI_setspeed      sddriver.o
    0x08003cf4   0x08003cf4   0x00000002   Code   RO          415    i.SVC_Handler       stm32f1xx_it.o
    0x08003cf6   0x08003cf6   0x00000004   Code   RO          416    i.SysTick_Handler   stm32f1xx_it.o
    0x08003cfa   0x08003cfa   0x0000005e   Code   RO           17    i.SystemClock_Config  main.o
    0x08003d58   0x08003d58   0x00000002   Code   RO         3276    i.SystemInit        system_stm32f1xx.o
    0x08003d5a   0x08003d5a   0x00000002   PAD
    0x08003d5c   0x08003d5c   0x0000000c   Code   RO          417    i.TIM1_UP_IRQHandler  stm32f1xx_it.o
    0x08003d68   0x08003d68   0x0000000c   Code   RO          418    i.TIM2_IRQHandler   stm32f1xx_it.o
    0x08003d74   0x08003d74   0x0000005c   Code   RO         2040    i.TIM_Base_SetConfig  stm32f1xx_hal_tim.o
    0x08003dd0   0x08003dd0   0x00000014   Code   RO         2051    i.TIM_ETR_SetConfig  stm32f1xx_hal_tim.o
    0x08003de4   0x08003de4   0x00000010   Code   RO         2052    i.TIM_ITRx_SetConfig  stm32f1xx_hal_tim.o
    0x08003df4   0x08003df4   0x00000022   Code   RO         2058    i.TIM_TI1_ConfigInputStage  stm32f1xx_hal_tim.o
    0x08003e16   0x08003e16   0x00000024   Code   RO         2060    i.TIM_TI2_ConfigInputStage  stm32f1xx_hal_tim.o
    0x08003e3a   0x08003e3a   0x00000010   Code   RO         2960    i.UART_DMAAbortOnError  stm32f1xx_hal_uart.o
    0x08003e4a   0x08003e4a   0x00000030   Code   RO         2970    i.UART_EndRxTransfer  stm32f1xx_hal_uart.o
    0x08003e7a   0x08003e7a   0x000000b6   Code   RO         2972    i.UART_Receive_IT   stm32f1xx_hal_uart.o
    0x08003f30   0x08003f30   0x000000b8   Code   RO         2973    i.UART_SetConfig    stm32f1xx_hal_uart.o
    0x08003fe8   0x08003fe8   0x00000036   Code   RO         2975    i.UART_Start_Receive_IT  stm32f1xx_hal_uart.o
    0x0800401e   0x0800401e   0x00000064   Code   RO         2976    i.UART_WaitOnFlagUntilTimeout  stm32f1xx_hal_uart.o
    0x08004082   0x08004082   0x00000002   PAD
    0x08004084   0x08004084   0x0000000c   Code   RO          419    i.USART2_IRQHandler  stm32f1xx_it.o
    0x08004090   0x08004090   0x00000020   Code   RO          527    i.USER_initialize   user_diskio.o
    0x080040b0   0x080040b0   0x0000004e   Code   RO          528    i.USER_ioctl        user_diskio.o
    0x080040fe   0x080040fe   0x00000022   Code   RO          529    i.USER_read         user_diskio.o
    0x08004120   0x08004120   0x00000014   Code   RO          530    i.USER_status       user_diskio.o
    0x08004134   0x08004134   0x00000022   Code   RO          531    i.USER_write        user_diskio.o
    0x08004156   0x08004156   0x00000002   Code   RO          420    i.UsageFault_Handler  stm32f1xx_it.o
    0x08004158   0x08004158   0x00000028   Code   RO         4226    i.__ARM_fpclassify  m_ws.l(fpclassify.o)
    0x08004180   0x08004180   0x00000020   Code   RO         1146    i.__NVIC_SetPriority  stm32f1xx_hal_cortex.o
    0x080041a0   0x080041a0   0x0000000e   Code   RO         4030    i._is_digit         c_w.l(__printf_wp.o)
    0x080041ae   0x080041ae   0x00000002   PAD
    0x080041b0   0x080041b0   0x00000060   Code   RO         3368    i.check_fs          ff.o
    0x08004210   0x08004210   0x0000006c   Code   RO         3369    i.chk_lock          ff.o
    0x0800427c   0x0800427c   0x00000024   Code   RO         3370    i.clear_lock        ff.o
    0x080042a0   0x080042a0   0x0000002a   Code   RO         3371    i.clmt_clust        ff.o
    0x080042ca   0x080042ca   0x0000001e   Code   RO         3372    i.clust2sect        ff.o
    0x080042e8   0x080042e8   0x000000b0   Code   RO         3373    i.create_chain      ff.o
    0x08004398   0x08004398   0x00000100   Code   RO         3374    i.create_name       ff.o
    0x08004498   0x08004498   0x0000003c   Code   RO         3375    i.dec_lock          ff.o
    0x080044d4   0x080044d4   0x0000011e   Code   RO         3376    i.dir_next          ff.o
    0x080045f2   0x080045f2   0x00000002   PAD
    0x080045f4   0x080045f4   0x00000066   Code   RO         3377    i.dir_read          ff.o
    0x0800465a   0x0800465a   0x00000076   Code   RO         3378    i.dir_register      ff.o
    0x080046d0   0x080046d0   0x00000042   Code   RO         3379    i.dir_remove        ff.o
    0x08004712   0x08004712   0x00000098   Code   RO         3380    i.dir_sdi           ff.o
    0x080047aa   0x080047aa   0x00000002   PAD
    0x080047ac   0x080047ac   0x00000028   Code   RO         3313    i.disk_initialize   diskio.o
    0x080047d4   0x080047d4   0x0000001c   Code   RO         3314    i.disk_ioctl        diskio.o
    0x080047f0   0x080047f0   0x0000001c   Code   RO         3315    i.disk_read         diskio.o
    0x0800480c   0x0800480c   0x00000018   Code   RO         3316    i.disk_status       diskio.o
    0x08004824   0x08004824   0x0000001c   Code   RO         3317    i.disk_write        diskio.o
    0x08004840   0x08004840   0x0000002a   Code   RO         3382    i.f_close           ff.o
    0x0800486a   0x0800486a   0x00000024   Code   RO         3383    i.f_closedir        ff.o
    0x0800488e   0x0800488e   0x00000002   PAD
    0x08004890   0x08004890   0x00000284   Code   RO         3386    i.f_lseek           ff.o
    0x08004b14   0x08004b14   0x00000164   Code   RO         3387    i.f_mkdir           ff.o
    0x08004c78   0x08004c78   0x0000005c   Code   RO         3389    i.f_mount           ff.o
    0x08004cd4   0x08004cd4   0x000001a0   Code   RO         3390    i.f_open            ff.o
    0x08004e74   0x08004e74   0x00000094   Code   RO         3391    i.f_opendir         ff.o
    0x08004f08   0x08004f08   0x0000018c   Code   RO         3395    i.f_read            ff.o
    0x08005094   0x08005094   0x00000052   Code   RO         3396    i.f_readdir         ff.o
    0x080050e6   0x080050e6   0x000000b8   Code   RO         3399    i.f_sync            ff.o
    0x0800519e   0x0800519e   0x000000aa   Code   RO         3401    i.f_unlink          ff.o
    0x08005248   0x08005248   0x000001d6   Code   RO         3403    i.f_write           ff.o
    0x0800541e   0x0800541e   0x00000002   PAD
    0x08005420   0x08005420   0x00000258   Code   RO         3404    i.find_volume       ff.o
    0x08005678   0x08005678   0x000000c0   Code   RO         3405    i.follow_path       ff.o
    0x08005738   0x08005738   0x00000080   Code   RO         3903    i.get_dir           myhfs_file.o
    0x080057b8   0x080057b8   0x000000c2   Code   RO         3406    i.get_fat           ff.o
    0x0800587a   0x0800587a   0x00000004   Code   RO          585    i.get_fattime       fatfs.o
    0x0800587e   0x0800587e   0x00000050   Code   RO         3407    i.get_fileinfo      ff.o
    0x080058ce   0x080058ce   0x0000003c   Code   RO         3408    i.get_ldnumber      ff.o
    0x0800590a   0x0800590a   0x00000002   PAD
    0x0800590c   0x0800590c   0x000000a0   Code   RO         3409    i.inc_lock          ff.o
    0x080059ac   0x080059ac   0x00000020   Code   RO         3977    i.insert            myhfs_str.o
    0x080059cc   0x080059cc   0x00000014   Code   RO         3410    i.ld_clust          ff.o
    0x080059e0   0x080059e0   0x00000054   Code   RO           18    i.main              main.o
    0x08005a34   0x08005a34   0x00000012   Code   RO         3411    i.mem_cpy           ff.o
    0x08005a46   0x08005a46   0x0000000e   Code   RO         3412    i.mem_set           ff.o
    0x08005a54   0x08005a54   0x00000036   Code   RO         3413    i.move_window       ff.o
    0x08005a8a   0x08005a8a   0x00000012   Code   RO           19    i.my_printf         main.o
    0x08005a9c   0x08005a9c   0x000000f8   Code   RO         3414    i.put_fat           ff.o
    0x08005b94   0x08005b94   0x0000006e   Code   RO         3416    i.remove_chain      ff.o
    0x08005c02   0x08005c02   0x00000002   PAD
    0x08005c04   0x08005c04   0x0000000c   Code   RO         3954    i.sned_header       myhfs_http.o
    0x08005c10   0x08005c10   0x00000020   Code   RO         3814    i.spi_readwrite     sddriver.o
    0x08005c30   0x08005c30   0x00000010   Code   RO         3417    i.st_clust          ff.o
    0x08005c40   0x08005c40   0x00000046   Code   RO         3978    i.strcut            myhfs_str.o
    0x08005c86   0x08005c86   0x00000002   PAD
    0x08005c88   0x08005c88   0x00000012   Code   RO         3979    i.strdelete         myhfs_str.o
    0x08005c9a   0x08005c9a   0x000000b6   Code   RO         3418    i.sync_fs           ff.o
    0x08005d50   0x08005d50   0x00000060   Code   RO         3419    i.sync_window       ff.o
    0x08005db0   0x08005db0   0x0000002c   Code   RO         3420    i.validate          ff.o
    0x08005ddc   0x08005ddc   0x0000002c   Code   RO           20    i.vprint            main.o
    0x08005e08   0x08005e08   0x00000088   Code   RO         3763    i.wifi_init         esp8266.o
    0x08005e90   0x08005e90   0x0000002c   Code   RO         4213    locale$$code        c_w.l(lc_numeric_c.o)
    0x08005ebc   0x08005ebc   0x0000002c   Code   RO         4234    locale$$code        c_w.l(lc_ctype_c.o)
    0x08005ee8   0x08005ee8   0x00000004   Code   RO         4136    x$fpl$printf1       fz_ws.l(printf1.o)
    0x08005eec   0x08005eec   0x00000004   Code   RO         4138    x$fpl$printf2       fz_ws.l(printf2.o)
    0x08005ef0   0x08005ef0   0x00000000   Code   RO         4225    x$fpl$usenofp       fz_ws.l(usenofp.o)
    0x08005ef0   0x08005ef0   0x00000064   Data   RO           22    .constdata          main.o
    0x08005f54   0x08005f54   0x00000010   Data   RO         3277    .constdata          system_stm32f1xx.o
    0x08005f64   0x08005f64   0x00000008   Data   RO         3278    .constdata          system_stm32f1xx.o
    0x08005f6c   0x08005f6c   0x000000ac   Data   RO         3422    .constdata          ff.o
    0x08006018   0x08006018   0x00000011   Data   RO         4038    .constdata          c_w.l(__printf_flags_ss_wp.o)
    0x08006029   0x08006029   0x00000003   PAD
    0x0800602c   0x0800602c   0x00000008   Data   RO         4082    .constdata          c_w.l(_printf_wctomb.o)
    0x08006034   0x08006034   0x00000028   Data   RO         4111    .constdata          c_w.l(_printf_hex_int_ll_ptr.o)
    0x0800605c   0x0800605c   0x00000026   Data   RO         4164    .constdata          c_w.l(_printf_fp_hex.o)
    0x08006082   0x08006082   0x00000002   PAD
    0x08006084   0x08006084   0x00000094   Data   RO         4188    .constdata          c_w.l(bigflt0.o)
    0x08006118   0x08006118   0x00000054   Data   RO           23    .conststring        main.o
    0x0800616c   0x0800616c   0x0000006d   Data   RO         3764    .conststring        esp8266.o
    0x080061d9   0x080061d9   0x00000003   PAD
    0x080061dc   0x080061dc   0x00000091   Data   RO         3955    .conststring        myhfs_http.o
    0x0800626d   0x0800626d   0x00000003   PAD
    0x08006270   0x08006270   0x00000020   Data   RO         4358    Region$$Table       anon$$obj.o
    0x08006290   0x08006290   0x0000001c   Data   RO         4212    locale$$data        c_w.l(lc_numeric_c.o)
    0x080062ac   0x080062ac   0x00000110   Data   RO         4233    locale$$data        c_w.l(lc_ctype_c.o)


    Execution Region RW_IRAM1 (Exec base: 0x20000000, Load base: 0x080063bc, Size: 0x000027f8, Max: 0x00002800, ABSOLUTE)

    Exec Addr    Load Addr    Size         Type   Attr      Idx    E Section Name        Object

    0x20000000   0x080063bc   0x0000001c   Data   RW           24    .data               main.o
    0x2000001c   0x080063d8   0x00000014   Data   RW          532    .data               user_diskio.o
    0x20000030   0x080063ec   0x00000005   Data   RW          588    .data               fatfs.o
    0x20000035   0x080063f1   0x00000003   PAD
    0x20000038   0x080063f4   0x0000000c   Data   RW          683    .data               stm32f1xx_hal.o
    0x20000044   0x08006400   0x00000004   Data   RW         3279    .data               system_stm32f1xx.o
    0x20000048   0x08006404   0x00000008   Data   RW         3423    .data               ff.o
    0x20000050   0x0800640c   0x00000014   Data   RW         3765    .data               esp8266.o
    0x20000064   0x08006420   0x00000002   Data   RW         3816    .data               sddriver.o
    0x20000066   0x08006422   0x00000002   PAD
    0x20000068   0x08006424   0x00000004   Data   RW         4044    .data               c_w.l(strtok.o)
    0x2000006c        -       0x000014dc   Zero   RW           21    .bss                main.o
    0x20001548        -       0x00000058   Zero   RW          280    .bss                spi.o
    0x200015a0        -       0x00000090   Zero   RW          323    .bss                tim.o
    0x20001630        -       0x00000044   Zero   RW          370    .bss                usart.o
    0x20001674        -       0x00000018   Zero   RW         3421    .bss                ff.o
    0x2000168c        -       0x0000000c   Zero   RW         3686    .bss                ff_gen_drv.o
    0x20001698        -       0x00000060   Zero   RW         4229    .bss                c_w.l(libspace.o)
    0x200016f8        -       0x00000900   Zero   RW            2    HEAP                startup_stm32f103x6.o
    0x20001ff8        -       0x00000800   Zero   RW            1    STACK               startup_stm32f103x6.o


==============================================================================

Image component sizes


      Code (inc. data)   RO Data    RW Data    ZI Data      Debug   Object Name

       148         22          0          0          0       3433   diskio.o
       136         10        109         20          0        720   esp8266.o
        32         10          0          5          0       1400   fatfs.o
      6652         70        172          8         24      40187   ff.o
        70          4          0          0         12       1507   ff_gen_drv.o
       112         10          0          0          0        859   gpio.o
      1512        370        184         28       5340     435504   main.o
       128         44          0          0          0       3362   myhfs_file.o
        12          4        145          0          0        510   myhfs_http.o
       120          0          0          0          0       1690   myhfs_str.o
      1060         44          0          2          0       9773   sddriver.o
       184         24          0          0         88       1557   spi.o
        64         26        236          0       4352        788   startup_stm32f103x6.o
       128         24          0         12          0       4789   stm32f1xx_hal.o
       198         14          0          0          0      28791   stm32f1xx_hal_cortex.o
       222          4          0          0          0       1699   stm32f1xx_hal_dma.o
       458         30          0          0          0       2812   stm32f1xx_hal_gpio.o
        60          8          0          0          0        822   stm32f1xx_hal_msp.o
      1272        100          0          0          0       5044   stm32f1xx_hal_rcc.o
       876          4          0          0          0       4577   stm32f1xx_hal_spi.o
       996         18          0          0          0       9864   stm32f1xx_hal_tim.o
       100         10          0          0          0       2273   stm32f1xx_hal_tim_ex.o
      1432         10          0          0          0      10188   stm32f1xx_hal_uart.o
        56         18          0          0          0       4881   stm32f1xx_it.o
         2          0         24          4          0       1047   system_stm32f1xx.o
       304         24          0          0        144       2235   tim.o
       184         22          0          0         68       1590   usart.o
       198          0          0         20          0       3820   user_diskio.o

    ----------------------------------------------------------------------
     16758        924        908        104      10028     585722   Object Totals
         0          0         32          0          0          0   (incl. Generated)
        42          0          6          5          0          0   (incl. Padding)

    ----------------------------------------------------------------------

      Code (inc. data)   RO Data    RW Data    ZI Data      Debug   Library Member Name

        44          6          0          0          0         84   __2sprintf.o
         8          0          0          0          0         68   __main.o
       392          4         17          0          0         92   __printf_flags_ss_wp.o
        14          0          0          0          0         68   __printf_wp.o
         0          0          0          0          0          0   __rtentry.o
        12          0          0          0          0          0   __rtentry2.o
         6          0          0          0          0          0   __rtentry4.o
        52          8          0          0          0          0   __scatter.o
        26          0          0          0          0          0   __scatter_copy.o
        28          0          0          0          0          0   __scatter_zi.o
         6          0          0          0          0          0   _printf_a.o
         6          0          0          0          0          0   _printf_c.o
        44          0          0          0          0        108   _printf_char.o
        48          6          0          0          0         96   _printf_char_common.o
        40          0          0          0          0         68   _printf_charcount.o
         6          0          0          0          0          0   _printf_d.o
       120         16          0          0          0         92   _printf_dec.o
         6          0          0          0          0          0   _printf_e.o
         6          0          0          0          0          0   _printf_f.o
      1054          0          0          0          0        216   _printf_fp_dec.o
       764          8         38          0          0        100   _printf_fp_hex.o
       128         16          0          0          0         84   _printf_fp_infnan.o
         6          0          0          0          0          0   _printf_g.o
       148          4         40          0          0        160   _printf_hex_int_ll_ptr.o
         6          0          0          0          0          0   _printf_i.o
       178          0          0          0          0         88   _printf_intcommon.o
        10          0          0          0          0          0   _printf_l.o
         6          0          0          0          0          0   _printf_lc.o
        10          0          0          0          0          0   _printf_ll.o
         6          0          0          0          0          0   _printf_lld.o
         6          0          0          0          0          0   _printf_lli.o
         6          0          0          0          0          0   _printf_llo.o
         6          0          0          0          0          0   _printf_llu.o
         6          0          0          0          0          0   _printf_llx.o
       124         16          0          0          0         92   _printf_longlong_dec.o
         6          0          0          0          0          0   _printf_ls.o
         6          0          0          0          0          0   _printf_n.o
         6          0          0          0          0          0   _printf_o.o
       112         10          0          0          0        124   _printf_oct_int_ll.o
         6          0          0          0          0          0   _printf_p.o
        78          0          0          0          0        108   _printf_pad.o
         0          0          0          0          0          0   _printf_percent.o
         4          0          0          0          0          0   _printf_percent_end.o
         6          0          0          0          0          0   _printf_s.o
        82          0          0          0          0         80   _printf_str.o
        36          0          0          0          0         84   _printf_truncate.o
         6          0          0          0          0          0   _printf_u.o
        44          0          0          0          0        108   _printf_wchar.o
       188          6          8          0          0         92   _printf_wctomb.o
         6          0          0          0          0          0   _printf_x.o
        10          0          0          0          0         68   _sputc.o
        64          0          0          0          0         92   _wcrtomb.o
       228          4        148          0          0         96   bigflt0.o
      1936        128          0          0          0        672   btod.o
        18          0          0          0          0         80   exit.o
         6          0          0          0          0        152   heapauxi.o
         0          0          0          0          0          0   indicate_semi.o
        44         10        272          0          0         76   lc_ctype_c.o
        44         10         28          0          0         76   lc_numeric_c.o
         2          0          0          0          0          0   libinit.o
        30          0          0          0          0          0   libinit2.o
         2          0          0          0          0          0   libshutdown.o
         2          0          0          0          0          0   libshutdown2.o
         8          4          0          0         96         68   libspace.o
       138          0          0          0          0         80   lludiv10.o
        16          4          0          0          0         76   rt_ctype_table.o
         8          4          0          0          0         68   rt_locale_intlibspace.o
        78          0          0          0          0         80   rt_memclr_w.o
       100          0          0          0          0         80   rt_memcpy_w.o
         2          0          0          0          0          0   rtexit.o
        10          0          0          0          0          0   rtexit2.o
        24          0          0          0          0         68   strcat.o
       128          0          0          0          0         68   strcmpv7m.o
        72          0          0          0          0         80   strcpy.o
        32          0          0          0          0         80   strcspn.o
        62          0          0          0          0         76   strlen.o
        28          0          0          0          0         80   strspn.o
        36          0          0          0          0         80   strstr.o
        12          6          0          4          0         68   strtok.o
        68          4          0          0          0         84   strtok_int.o
        12          4          0          0          0         68   sys_exit.o
        74          0          0          0          0         80   sys_stackheap_outer.o
         2          0          0          0          0         68   use_no_semi.o
        36          4          0          0          0         76   vsprintf.o
         4          0          0          0          0         68   printf1.o
         4          0          0          0          0         68   printf2.o
         0          0          0          0          0          0   usenofp.o
        40          0          0          0          0         68   fpclassify.o

    ----------------------------------------------------------------------
      7310        282        556          4         96       4956   Library Totals
        16          0          5          0          0          0   (incl. Padding)

    ----------------------------------------------------------------------

      Code (inc. data)   RO Data    RW Data    ZI Data      Debug   Library Name

      7246        282        551          4         96       4752   c_w.l
         8          0          0          0          0        136   fz_ws.l
        40          0          0          0          0         68   m_ws.l

    ----------------------------------------------------------------------
      7310        282        556          4         96       4956   Library Totals

    ----------------------------------------------------------------------

==============================================================================


      Code (inc. data)   RO Data    RW Data    ZI Data      Debug   

     24068       1206       1464        108      10124     580170   Grand Totals
     24068       1206       1464        108      10124     580170   ELF Image Totals
     24068       1206       1464        108          0          0   ROM Totals

==============================================================================

    Total RO  Size (Code + RO Data)                25532 (  24.93kB)
    Total RW  Size (RW Data + ZI Data)             10232 (   9.99kB)
    Total ROM Size (Code + RO Data + RW Data)      25640 (  25.04kB)

==============================================================================

