<html>
<body>
<pre>
<h1>µVision Build Log</h1>
<h2>Tool Versions:</h2>
IDE-Version: ¶ÃVision V5.29.0.0
Copyright (C) 2019 ARM Ltd and ARM Germany GmbH. All rights reserved.
License Information: ÷£ ”Ó∑≤, HP Inc., LIC=FYKYW-QTIFH-QDSKD-83HKY-PW1ZY-NP2VN
 
Tool Versions:
Toolchain:       MDK-ARM Plus  Version: 5.29.0.0
Toolchain Path:  D:\Keil_v5\ARM\ARMCC\Bin
C Compiler:      Armcc.exe V5.06 update 6 (build 750)
Assembler:       Armasm.exe V5.06 update 6 (build 750)
Linker/Locator:  ArmLink.exe V5.06 update 6 (build 750)
Library Manager: ArmAr.exe V5.06 update 6 (build 750)
Hex Converter:   FromElf.exe V5.06 update 6 (build 750)
CPU DLL:         SARMCM3.DLL V5.29.0.0
Dialog DLL:      DCM.DLL V1.17.3.0
Target DLL:      STLink\ST-LINKIII-KEIL_SWO.dll V3.0.7.0
Dialog DLL:      TCM.DLL V1.36.5.0
 
<h2>Project:</h2>
D:\Keil_v5\keil_project\HFS\MDK-ARM\HFS.uvprojx
Project File Date:  05/23/2022

<h2>Output:</h2>
*** Using Compiler 'V5.06 update 6 (build 750)', folder: 'D:\Keil_v5\ARM\ARMCC\Bin'
Rebuild target 'HFS'
assembling startup_stm32f103x6.s...
compiling gpio.c...
compiling stm32f1xx_hal_gpio_ex.c...
compiling fatfs.c...
compiling stm32f1xx_it.c...
compiling stm32f1xx_hal_msp.c...
compiling tim.c...
compiling stm32f1xx_hal_rcc_ex.c...
compiling spi.c...
compiling stm32f1xx_hal_dma.c...
compiling stm32f1xx_hal.c...
compiling stm32f1xx_hal_gpio.c...
compiling user_diskio.c...
compiling usart.c...
compiling main.c...
..\myHFS\myHFS_file.h(5): warning:  #1-D: last line of file ends without a newline
  void get_dir(char *List);
..\myHFS\myHFS_str.h(6): warning:  #1-D: last line of file ends without a newline
  int strcut(char *str, char *front, char *rear, char *re);
..\myHFS\myHFS_html.h(6): warning:  #1-D: last line of file ends without a newline
  void InitHTMLFILE(char *path);
..\myHFS\myHFS_http.h(7): warning:  #1-D: last line of file ends without a newline
  void get_GET_request(char buffer);
..\ESP8266\ESP8266.h(24): warning:  #1295-D: Deprecated declaration wifi_init - give arg types
  void wifi_init();
../Core/Src/main.c(256): warning:  #167-D: argument of type "uint8_t *" is incompatible with parameter of type "char *restrict"
  					strcpy(ReadBuffer,"");	
../Core/Src/main.c(270): warning:  #167-D: argument of type "uint8_t *" is incompatible with parameter of type "char *restrict"
  				strcpy(ReadBuffer,"");	
../Core/Src/main.c(328): warning:  #550-D: variable "p"  was set but never used
  	char *p;
../Core/Src/main.c: 8 warnings, 0 errors
compiling stm32f1xx_hal_rcc.c...
compiling stm32f1xx_hal_cortex.c...
compiling stm32f1xx_hal_flash_ex.c...
compiling stm32f1xx_hal_exti.c...
compiling syscall.c...
compiling system_stm32f1xx.c...
compiling stm32f1xx_hal_pwr.c...
compiling stm32f1xx_hal_flash.c...
compiling ff_gen_drv.c...
compiling ESP8266.c...
..\ESP8266\ESP8266.h(24): warning:  #1295-D: Deprecated declaration wifi_init - give arg types
  void wifi_init();
..\ESP8266\ESP8266.c: 1 warning, 0 errors
compiling diskio.c...
compiling myHFS_http.c...
..\myHFS\myHFS_http.h(7): warning:  #1-D: last line of file ends without a newline
  void get_GET_request(char buffer);
..\myHFS\myHFS_http.c(30): warning:  #1-D: last line of file ends without a newline
  }
..\myHFS\myHFS_http.c(30): warning:  #940-D: missing return statement at end of non-void function "get_mime_type" 
  }
..\myHFS\myHFS_http.c: 3 warnings, 0 errors
compiling myHFS_tcp.c...
..\myHFS\myHFS_tcp.c(45): warning:  #1-D: last line of file ends without a newline
  //}
..\myHFS\myHFS_tcp.c: 1 warning, 0 errors
compiling myHFS_str.c...
..\myHFS\myHFS_str.h(6): warning:  #1-D: last line of file ends without a newline
  int strcut(char *str, char *front, char *rear, char *re);
..\myHFS\myHFS_str.c(50): warning:  #1-D: last line of file ends without a newline
  }
..\myHFS\myHFS_str.c(50): warning:  #940-D: missing return statement at end of non-void function "strcut" 
  }
..\myHFS\myHFS_str.c: 3 warnings, 0 errors
compiling stm32f1xx_hal_uart.c...
compiling stm32f1xx_hal_tim_ex.c...
compiling stm32f1xx_hal_spi.c...
compiling ff.c...
compiling stm32f1xx_hal_tim.c...
compiling SDdriver.c...
compiling myHFS_file.c...
..\myHFS\myHFS_file.h(5): warning:  #1-D: last line of file ends without a newline
  void get_dir(char *List);
..\myHFS\myHFS_file.c: 1 warning, 0 errors
compiling myHFS_html.c...
..\myHFS\myHFS_str.h(6): warning:  #1-D: last line of file ends without a newline
  int strcut(char *str, char *front, char *rear, char *re);
..\myHFS\myHFS_html.h(6): warning:  #1-D: last line of file ends without a newline
  void InitHTMLFILE(char *path);
..\myHFS\myHFS_html.c: 2 warnings, 0 errors
linking...
Program Size: Code=24068 RO-data=1464 RW-data=108 ZI-data=10124  
FromELF: creating hex file...
"HFS\HFS.axf" - 0 Error(s), 19 Warning(s).

<h2>Software Packages used:</h2>

Package Vendor: ARM
                http://www.keil.com/pack/ARM.CMSIS.5.6.0.pack
                ARM.CMSIS.5.6.0
                CMSIS (Cortex Microcontroller Software Interface Standard)
   * Component: CORE Version: 5.3.0

Package Vendor: Keil
                http://www.keil.com/pack/Keil.STM32F1xx_DFP.2.4.0.pack
                Keil.STM32F1xx_DFP.2.4.0
                STMicroelectronics STM32F1 Series Device Support, Drivers and Examples

<h2>Collection of Component include folders:</h2>
  .\RTE\_HFS
  C:\Users\÷£”Ó∑≤\AppData\Local\Arm\Packs\ARM\CMSIS\5.6.0\CMSIS\Core\Include
  C:\Users\÷£”Ó∑≤\AppData\Local\Arm\Packs\Keil\STM32F1xx_DFP\2.4.0\Device\Include

<h2>Collection of Component Files used:</h2>

   * Component: ARM::CMSIS:CORE:5.3.0
Build Time Elapsed:  00:00:06
</pre>
</body>
</html>
